Archive member included to satisfy reference by file (symbol)

/mnt/ubuntu/chisuhua/github/CoreRunner/build/riscv/bin/../lib/gcc/riscv32-unknown-elf/14.2.0/libgcc.a(adddf3.o)
                              /mnt/ubuntu/chisuhua/github/CoreRunner/build/riscv/../quarks//mnt/ubuntu/chisuhua/github/CoreRunner/QuarkTS//src/os/qioutils.o (__adddf3)
/mnt/ubuntu/chisuhua/github/CoreRunner/build/riscv/bin/../lib/gcc/riscv32-unknown-elf/14.2.0/libgcc.a(muldf3.o)
                              /mnt/ubuntu/chisuhua/github/CoreRunner/build/riscv/../quarks//mnt/ubuntu/chisuhua/github/CoreRunner/QuarkTS//src/os/qioutils.o (__muldf3)
/mnt/ubuntu/chisuhua/github/CoreRunner/build/riscv/bin/../lib/gcc/riscv32-unknown-elf/14.2.0/libgcc.a(subdf3.o)
                              /mnt/ubuntu/chisuhua/github/CoreRunner/build/riscv/../quarks//mnt/ubuntu/chisuhua/github/CoreRunner/QuarkTS//src/os/qioutils.o (__subdf3)
/mnt/ubuntu/chisuhua/github/CoreRunner/build/riscv/bin/../lib/gcc/riscv32-unknown-elf/14.2.0/libgcc.a(floatsidf.o)
                              /mnt/ubuntu/chisuhua/github/CoreRunner/build/riscv/../quarks//mnt/ubuntu/chisuhua/github/CoreRunner/QuarkTS//src/os/qioutils.o (__floatsidf)
/mnt/ubuntu/chisuhua/github/CoreRunner/build/riscv/bin/../lib/gcc/riscv32-unknown-elf/14.2.0/libgcc.a(floatunsidf.o)
                              /mnt/ubuntu/chisuhua/github/CoreRunner/build/riscv/../quarks//mnt/ubuntu/chisuhua/github/CoreRunner/QuarkTS//src/os/qioutils.o (__floatunsidf)
/mnt/ubuntu/chisuhua/github/CoreRunner/build/riscv/bin/../lib/gcc/riscv32-unknown-elf/14.2.0/libgcc.a(addsf3.o)
                              /mnt/ubuntu/chisuhua/github/CoreRunner/build/riscv/../quarks//mnt/ubuntu/chisuhua/github/CoreRunner/QuarkTS//src/os/qclock.o (__addsf3)
/mnt/ubuntu/chisuhua/github/CoreRunner/build/riscv/bin/../lib/gcc/riscv32-unknown-elf/14.2.0/libgcc.a(divsf3.o)
                              /mnt/ubuntu/chisuhua/github/CoreRunner/build/riscv/../quarks//mnt/ubuntu/chisuhua/github/CoreRunner/QuarkTS//src/os/qclock.o (__divsf3)
/mnt/ubuntu/chisuhua/github/CoreRunner/build/riscv/bin/../lib/gcc/riscv32-unknown-elf/14.2.0/libgcc.a(gesf2.o)
                              /mnt/ubuntu/chisuhua/github/CoreRunner/build/riscv/../quarks//mnt/ubuntu/chisuhua/github/CoreRunner/QuarkTS//src/os/qclock.o (__gtsf2)
/mnt/ubuntu/chisuhua/github/CoreRunner/build/riscv/bin/../lib/gcc/riscv32-unknown-elf/14.2.0/libgcc.a(lesf2.o)
                              /mnt/ubuntu/chisuhua/github/CoreRunner/build/riscv/../quarks//mnt/ubuntu/chisuhua/github/CoreRunner/QuarkTS//src/os/qioutils.o (__ltsf2)
/mnt/ubuntu/chisuhua/github/CoreRunner/build/riscv/bin/../lib/gcc/riscv32-unknown-elf/14.2.0/libgcc.a(mulsf3.o)
                              /mnt/ubuntu/chisuhua/github/CoreRunner/build/riscv/../quarks//mnt/ubuntu/chisuhua/github/CoreRunner/QuarkTS//src/os/qclock.o (__mulsf3)
/mnt/ubuntu/chisuhua/github/CoreRunner/build/riscv/bin/../lib/gcc/riscv32-unknown-elf/14.2.0/libgcc.a(subsf3.o)
                              /mnt/ubuntu/chisuhua/github/CoreRunner/build/riscv/../quarks//mnt/ubuntu/chisuhua/github/CoreRunner/QuarkTS//src/os/qioutils.o (__subsf3)
/mnt/ubuntu/chisuhua/github/CoreRunner/build/riscv/bin/../lib/gcc/riscv32-unknown-elf/14.2.0/libgcc.a(fixunssfsi.o)
                              /mnt/ubuntu/chisuhua/github/CoreRunner/build/riscv/../quarks//mnt/ubuntu/chisuhua/github/CoreRunner/QuarkTS//src/os/qclock.o (__fixunssfsi)
/mnt/ubuntu/chisuhua/github/CoreRunner/build/riscv/bin/../lib/gcc/riscv32-unknown-elf/14.2.0/libgcc.a(floatunsisf.o)
                              /mnt/ubuntu/chisuhua/github/CoreRunner/build/riscv/../quarks//mnt/ubuntu/chisuhua/github/CoreRunner/QuarkTS//src/os/qclock.o (__floatunsisf)
/mnt/ubuntu/chisuhua/github/CoreRunner/build/riscv/bin/../lib/gcc/riscv32-unknown-elf/14.2.0/libgcc.a(truncdfsf2.o)
                              /mnt/ubuntu/chisuhua/github/CoreRunner/build/riscv/../quarks//mnt/ubuntu/chisuhua/github/CoreRunner/QuarkTS//src/os/qatcli.o (__truncdfsf2)
/mnt/ubuntu/chisuhua/github/CoreRunner/build/riscv/bin/../lib/gcc/riscv32-unknown-elf/14.2.0/libgcc.a(_clzsi2.o)
                              /mnt/ubuntu/chisuhua/github/CoreRunner/build/riscv/bin/../lib/gcc/riscv32-unknown-elf/14.2.0/libgcc.a(adddf3.o) (__clzsi2)
/mnt/ubuntu/chisuhua/github/CoreRunner/build/riscv/bin/../lib/gcc/riscv32-unknown-elf/14.2.0/libgcc.a(_clz.o)
                              /mnt/ubuntu/chisuhua/github/CoreRunner/build/riscv/bin/../lib/gcc/riscv32-unknown-elf/14.2.0/libgcc.a(_clzsi2.o) (__clz_tab)
/mnt/ubuntu/chisuhua/github/CoreRunner/build/riscv/bin/../lib/gcc/riscv32-unknown-elf/14.2.0/../../../../riscv32-unknown-elf/lib/libc.a(libc_a-exit.o)
                              /mnt/ubuntu/chisuhua/github/CoreRunner/build/riscv/bin/../lib/gcc/riscv32-unknown-elf/14.2.0/../../../../riscv32-unknown-elf/lib/crt0.o (exit)
[...]
Memory Configuration

Name             Origin             Length             Attributes
RAM              0x80000000         0x00100000         xrw
*default*        0x00000000         0xffffffff

Linker script and memory map

LOAD /mnt/ubuntu/chisuhua/github/CoreRunner/build/riscv/bin/../lib/gcc/riscv32-unknown-elf/14.2.0/../../../../riscv32-unknown-elf/lib/crt0.o
LOAD /mnt/ubuntu/chisuhua/github/CoreRunner/build/riscv/bin/../lib/gcc/riscv32-unknown-elf/14.2.0/crtbegin.o
LOAD /mnt/ubuntu/chisuhua/github/CoreRunner/build/riscv/../quarks/main.o
LOAD /mnt/ubuntu/chisuhua/github/CoreRunner/build/riscv/../quarks//mnt/ubuntu/chisuhua/github/CoreRunner/QuarkTS//src/os/qatcli.o
LOAD /mnt/ubuntu/chisuhua/github/CoreRunner/build/riscv/../quarks//mnt/ubuntu/chisuhua/github/CoreRunner/QuarkTS//src/os/qbsbuffers.o
LOAD /mnt/ubuntu/chisuhua/github/CoreRunner/build/riscv/../quarks//mnt/ubuntu/chisuhua/github/CoreRunner/QuarkTS//src/os/qclock.o
LOAD /mnt/ubuntu/chisuhua/github/CoreRunner/build/riscv/../quarks//mnt/ubuntu/chisuhua/github/CoreRunner/QuarkTS//src/os/qcoroutine.o
LOAD /mnt/ubuntu/chisuhua/github/CoreRunner/build/riscv/../quarks//mnt/ubuntu/chisuhua/github/CoreRunner/QuarkTS//src/os/qcritical.o
LOAD /mnt/ubuntu/chisuhua/github/CoreRunner/build/riscv/../quarks//mnt/ubuntu/chisuhua/github/CoreRunner/QuarkTS//src/os/qedgecheck.o
LOAD /mnt/ubuntu/chisuhua/github/CoreRunner/build/riscv/../quarks//mnt/ubuntu/chisuhua/github/CoreRunner/QuarkTS//src/os/qfsm.o
LOAD /mnt/ubuntu/chisuhua/github/CoreRunner/build/riscv/../quarks//mnt/ubuntu/chisuhua/github/CoreRunner/QuarkTS//src/os/qioutils.o
LOAD /mnt/ubuntu/chisuhua/github/CoreRunner/build/riscv/../quarks//mnt/ubuntu/chisuhua/github/CoreRunner/QuarkTS//src/os/qkernel.o
LOAD /mnt/ubuntu/chisuhua/github/CoreRunner/build/riscv/../quarks//mnt/ubuntu/chisuhua/github/CoreRunner/QuarkTS//src/os/qlists.o
LOAD /mnt/ubuntu/chisuhua/github/CoreRunner/build/riscv/../quarks//mnt/ubuntu/chisuhua/github/CoreRunner/QuarkTS//src/os/qmemmang.o
LOAD /mnt/ubuntu/chisuhua/github/CoreRunner/build/riscv/../quarks//mnt/ubuntu/chisuhua/github/CoreRunner/QuarkTS//src/os/qqueues.o
LOAD /mnt/ubuntu/chisuhua/github/CoreRunner/build/riscv/../quarks//mnt/ubuntu/chisuhua/github/CoreRunner/QuarkTS//src/os/qresponse.o
LOAD /mnt/ubuntu/chisuhua/github/CoreRunner/build/riscv/../quarks//mnt/ubuntu/chisuhua/github/CoreRunner/QuarkTS//src/os/qstimers.o
LOAD /mnt/ubuntu/chisuhua/github/CoreRunner/build/riscv/../quarks//mnt/ubuntu/chisuhua/github/CoreRunner/QuarkTS//src/os/qtasks.o
LOAD /mnt/ubuntu/chisuhua/github/CoreRunner/build/riscv/../quarks//mnt/ubuntu/chisuhua/github/CoreRunner/QuarkTS//src/os/qtrace.o
LOAD /mnt/ubuntu/chisuhua/github/CoreRunner/build/riscv/bin/../lib/gcc/riscv32-unknown-elf/14.2.0/libgcc.a
START GROUP
LOAD /mnt/ubuntu/chisuhua/github/CoreRunner/build/riscv/bin/../lib/gcc/riscv32-unknown-elf/14.2.0/../../../../riscv32-unknown-elf/lib/libc.a
LOAD /mnt/ubuntu/chisuhua/github/CoreRunner/build/riscv/bin/../lib/gcc/riscv32-unknown-elf/14.2.0/../../../../riscv32-unknown-elf/lib/libgloss.a
END GROUP
LOAD /mnt/ubuntu/chisuhua/github/CoreRunner/build/riscv/bin/../lib/gcc/riscv32-unknown-elf/14.2.0/libgcc.a
LOAD /mnt/ubuntu/chisuhua/github/CoreRunner/build/riscv/bin/../lib/gcc/riscv32-unknown-elf/14.2.0/crtend.o
                0x80000000                        . = ORIGIN (RAM)

.text           0x80000000     0x5b1e
 *(.text.start*)
 .text.start    0x80000000       0xfc /mnt/ubuntu/chisuhua/github/CoreRunner/build/riscv/../quarks/main.o
                0x80000000                start
 *(.text.*)
 .text.State_LEDOff_Callback
                0x800000fc       0x4a /mnt/ubuntu/chisuhua/github/CoreRunner/build/riscv/../quarks/main.o
                0x800000fc                State_LEDOff_Callback
 .text.State_LEDOn_Callback
                0x80000146       0x4a /mnt/ubuntu/chisuhua/github/CoreRunner/build/riscv/../quarks/main.o
                0x80000146                State_LEDOn_Callback
 .text.State_LEDBlink_Callback
                0x80000190       0x62 /mnt/ubuntu/chisuhua/github/CoreRunner/build/riscv/../quarks/main.o
                0x80000190                State_LEDBlink_Callback
 .text.GetTickCountMs
                0x800001f2       0x3a /mnt/ubuntu/chisuhua/github/CoreRunner/build/riscv/../quarks/main.o
                0x800001f2                GetTickCountMs
 .text.qClock_SetTimeBase
                0x8000022c       0x42 /mnt/ubuntu/chisuhua/github/CoreRunner/build/riscv/../quarks//mnt/ubuntu/chisuhua/github/CoreRunner/QuarkTS//src/os/qclock.o
                0x8000022c                qClock_SetTimeBase
 .text.qClock_InternalTick
                0x8000026e       0x1a /mnt/ubuntu/chisuhua/github/CoreRunner/build/riscv/../quarks//mnt/ubuntu/chisuhua/github/CoreRunner/QuarkTS//src/os/qclock.o
 .text.qClock_SetTickProvider
                0x80000288       0x58 /mnt/ubuntu/chisuhua/github/CoreRunner/build/riscv/../quarks//mnt/ubuntu/chisuhua/github/CoreRunner/QuarkTS//src/os/qclock.o
                0x80000288                qClock_SetTickProvider
 .text.qClock_Convert2Clock
                0x800002e0       0x64 /mnt/ubuntu/chisuhua/github/CoreRunner/build/riscv/../quarks//mnt/ubuntu/chisuhua/github/CoreRunner/QuarkTS//src/os/qclock.o
                0x800002e0                qClock_Convert2Clock
 .text.qClock_TimeDeadlineCheck
                0x80000344       0x44 /mnt/ubuntu/chisuhua/github/CoreRunner/build/riscv/../quarks//mnt/ubuntu/chisuhua/github/CoreRunner/QuarkTS//src/os/qclock.o
                0x80000344                qClock_TimeDeadlineCheck
 .text.qCritical_Enter
                0x80000388       0x3e /mnt/ubuntu/chisuhua/github/CoreRunner/build/riscv/../quarks//mnt/ubuntu/chisuhua/github/CoreRunner/QuarkTS//src/os/qcritical.o
                0x80000388                qCritical_Enter
 .text.qCritical_Exit
                0x800003c6       0x3e /mnt/ubuntu/chisuhua/github/CoreRunner/build/riscv/../quarks//mnt/ubuntu/chisuhua/github/CoreRunner/QuarkTS//src/os/qcritical.o
                0x800003c6                qCritical_Exit
 .text.qStateMachine_UnsubscribeAll
                0x80000404       0x7a /mnt/ubuntu/chisuhua/github/CoreRunner/build/riscv/../quarks//mnt/ubuntu/chisuhua/github/CoreRunner/QuarkTS//src/os/qfsm.o
 .text.qStateMachine_Transition
                0x8000047e       0x78 /mnt/ubuntu/chisuhua/github/CoreRunner/build/riscv/../quarks//mnt/ubuntu/chisuhua/github/CoreRunner/QuarkTS//src/os/qfsm.o
 .text.qStateMachine_LevelsToLCA
                0x800004f6       0xa2 /mnt/ubuntu/chisuhua/github/CoreRunner/build/riscv/../quarks//mnt/ubuntu/chisuhua/github/CoreRunner/QuarkTS//src/os/qfsm.o
 .text.qStateMachine_ExitUpToLCA
                0x80000598       0x6c /mnt/ubuntu/chisuhua/github/CoreRunner/build/riscv/../quarks//mnt/ubuntu/chisuhua/github/CoreRunner/QuarkTS//src/os/qfsm.o
 .text.qStateMachine_PrepareHandler
                0x80000604       0x6e /mnt/ubuntu/chisuhua/github/CoreRunner/build/riscv/../quarks//mnt/ubuntu/chisuhua/github/CoreRunner/QuarkTS//src/os/qfsm.o
 .text.qStateMachine_InvokeStateCallback
                0x80000672       0xa0 /mnt/ubuntu/chisuhua/github/CoreRunner/build/riscv/../quarks//mnt/ubuntu/chisuhua/github/CoreRunner/QuarkTS//src/os/qfsm.o
 .text.qStateMachine_StateOnExit
                0x80000712       0x7a /mnt/ubuntu/chisuhua/github/CoreRunner/build/riscv/../quarks//mnt/ubuntu/chisuhua/github/CoreRunner/QuarkTS//src/os/qfsm.o
 .text.qStateMachine_StateOnEntry
                0x8000078c       0x68 /mnt/ubuntu/chisuhua/github/CoreRunner/build/riscv/../quarks//mnt/ubuntu/chisuhua/github/CoreRunner/QuarkTS//src/os/qfsm.o
 .text.qStateMachine_StateOnStart
                0x800007f4       0x7a /mnt/ubuntu/chisuhua/github/CoreRunner/build/riscv/../quarks//mnt/ubuntu/chisuhua/github/CoreRunner/QuarkTS//src/os/qfsm.o
 .text.qStateMachine_StateOnSignal
                0x8000086e       0x8e /mnt/ubuntu/chisuhua/github/CoreRunner/build/riscv/../quarks//mnt/ubuntu/chisuhua/github/CoreRunner/QuarkTS//src/os/qfsm.o
 .text.qStateMachine_TracePathAndRetraceEntry
                0x800008fc       0x92 /mnt/ubuntu/chisuhua/github/CoreRunner/build/riscv/../quarks//mnt/ubuntu/chisuhua/github/CoreRunner/QuarkTS//src/os/qfsm.o
 .text.qStateMachine_TraceOnStart
                0x8000098e       0x3a /mnt/ubuntu/chisuhua/github/CoreRunner/build/riscv/../quarks//mnt/ubuntu/chisuhua/github/CoreRunner/QuarkTS//src/os/qfsm.o
 .text.qStateMachine_CheckForSignals
                0x800009c8       0xd0 /mnt/ubuntu/chisuhua/github/CoreRunner/build/riscv/../quarks//mnt/ubuntu/chisuhua/github/CoreRunner/QuarkTS//src/os/qfsm.o
 .text.qStateMachine_Run
                0x80000a98       0xe8 /mnt/ubuntu/chisuhua/github/CoreRunner/build/riscv/../quarks//mnt/ubuntu/chisuhua/github/CoreRunner/QuarkTS//src/os/qfsm.o
                0x80000a98                qStateMachine_Run
 .text.qStateMachine_Setup
                0x80000b80       0xce /mnt/ubuntu/chisuhua/github/CoreRunner/build/riscv/../quarks//mnt/ubuntu/chisuhua/github/CoreRunner/QuarkTS//src/os/qfsm.o
                0x80000b80                qStateMachine_Setup
 .text.qStateMachine_StateSubscribe
                0x80000c4e       0xac /mnt/ubuntu/chisuhua/github/CoreRunner/build/riscv/../quarks//mnt/ubuntu/chisuhua/github/CoreRunner/QuarkTS//src/os/qfsm.o
                0x80000c4e                qStateMachine_StateSubscribe
 .text.qStateMachine_InstallSignalQueue
                0x80000cfa       0x5c /mnt/ubuntu/chisuhua/github/CoreRunner/build/riscv/../quarks//mnt/ubuntu/chisuhua/github/CoreRunner/QuarkTS//src/os/qfsm.o
                0x80000cfa                qStateMachine_InstallSignalQueue
 .text.qStateMachine_SweepTransitionTable
                0x80000d56       0xf0 /mnt/ubuntu/chisuhua/github/CoreRunner/build/riscv/../quarks//mnt/ubuntu/chisuhua/github/CoreRunner/QuarkTS//src/os/qfsm.o
 .text.qStateMachine_SignalSend
                0x80000e46       0x8e /mnt/ubuntu/chisuhua/github/CoreRunner/build/riscv/../quarks//mnt/ubuntu/chisuhua/github/CoreRunner/QuarkTS//src/os/qfsm.o
 .text.qStateMachine_SendSignal
                0x80000ed4      0x134 /mnt/ubuntu/chisuhua/github/CoreRunner/build/riscv/../quarks//mnt/ubuntu/chisuhua/github/CoreRunner/QuarkTS//src/os/qfsm.o
                0x80000ed4                qStateMachine_SendSignal
 .text.qStateMachine_TimeoutCheckSignals
                0x80001008       0xa8 /mnt/ubuntu/chisuhua/github/CoreRunner/build/riscv/../quarks//mnt/ubuntu/chisuhua/github/CoreRunner/QuarkTS//src/os/qfsm.o
 .text.qStateMachine_TimeoutPerformSpecifiedActions
                0x800010b0      0x15e /mnt/ubuntu/chisuhua/github/CoreRunner/build/riscv/../quarks//mnt/ubuntu/chisuhua/github/CoreRunner/QuarkTS//src/os/qfsm.o
 .text.qOS_Setup
                0x8000120e       0xec /mnt/ubuntu/chisuhua/github/CoreRunner/build/riscv/../quarks//mnt/ubuntu/chisuhua/github/CoreRunner/QuarkTS//src/os/qkernel.o
                0x8000120e                qOS_Setup
 .text.qOS_Get_TaskRunning
                0x800012fa       0x1c /mnt/ubuntu/chisuhua/github/CoreRunner/build/riscv/../quarks//mnt/ubuntu/chisuhua/github/CoreRunner/QuarkTS//src/os/qkernel.o
                0x800012fa                qOS_Get_TaskRunning
 .text.qOS_PriorityQueue_CleanUp
                0x80001316       0x56 /mnt/ubuntu/chisuhua/github/CoreRunner/build/riscv/../quarks//mnt/ubuntu/chisuhua/github/CoreRunner/QuarkTS//src/os/qkernel.o
 .text.qOS_PriorityQueue_ClearIndex
                0x8000136c       0xa2 /mnt/ubuntu/chisuhua/github/CoreRunner/build/riscv/../quarks//mnt/ubuntu/chisuhua/github/CoreRunner/QuarkTS//src/os/qkernel.o
 .text.qOS_PriorityQueue_Get
                0x8000140e       0xec /mnt/ubuntu/chisuhua/github/CoreRunner/build/riscv/../quarks//mnt/ubuntu/chisuhua/github/CoreRunner/QuarkTS//src/os/qkernel.o
 .text.qOS_PriorityQueue_Init
                0x800014fa       0x62 /mnt/ubuntu/chisuhua/github/CoreRunner/build/riscv/../quarks//mnt/ubuntu/chisuhua/github/CoreRunner/QuarkTS//src/os/qkernel.o
                0x800014fa                qOS_PriorityQueue_Init
 .text.qOS_Add_Task
                0x8000155c      0x13e /mnt/ubuntu/chisuhua/github/CoreRunner/build/riscv/../quarks//mnt/ubuntu/chisuhua/github/CoreRunner/QuarkTS//src/os/qkernel.o
                0x8000155c                qOS_Add_Task
 .text.qOS_Add_StateMachineTask
                0x8000169a       0xa4 /mnt/ubuntu/chisuhua/github/CoreRunner/build/riscv/../quarks//mnt/ubuntu/chisuhua/github/CoreRunner/QuarkTS//src/os/qkernel.o
                0x8000169a                qOS_Add_StateMachineTask
 .text.qOS_FSM_TaskCallback
                0x8000173e       0x4c /mnt/ubuntu/chisuhua/github/CoreRunner/build/riscv/../quarks//mnt/ubuntu/chisuhua/github/CoreRunner/QuarkTS//src/os/qkernel.o
 .text.qOS_AttachedQueue_CheckEvents
                0x8000178a       0xe2 /mnt/ubuntu/chisuhua/github/CoreRunner/build/riscv/../quarks//mnt/ubuntu/chisuhua/github/CoreRunner/QuarkTS//src/os/qkernel.o
 .text.qOS_TriggerReleaseSchedEvent
                0x8000186c       0xbc /mnt/ubuntu/chisuhua/github/CoreRunner/build/riscv/../quarks//mnt/ubuntu/chisuhua/github/CoreRunner/QuarkTS//src/os/qkernel.o
 .text.qOS_Run  0x80001928       0xae /mnt/ubuntu/chisuhua/github/CoreRunner/build/riscv/../quarks//mnt/ubuntu/chisuhua/github/CoreRunner/QuarkTS//src/os/qkernel.o
                0x80001928                qOS_Run
 .text.qOS_CheckForReadyTasks
                0x800019d6      0x20e /mnt/ubuntu/chisuhua/github/CoreRunner/build/riscv/../quarks//mnt/ubuntu/chisuhua/github/CoreRunner/QuarkTS//src/os/qkernel.o
 .text.qOS_Dispatch_xTask_FillEventInfo
                0x80001be4      0x1ce /mnt/ubuntu/chisuhua/github/CoreRunner/build/riscv/../quarks//mnt/ubuntu/chisuhua/github/CoreRunner/QuarkTS//src/os/qkernel.o
 .text.qOS_DispatchTasks
                0x80001db2      0x188 /mnt/ubuntu/chisuhua/github/CoreRunner/build/riscv/../quarks//mnt/ubuntu/chisuhua/github/CoreRunner/QuarkTS//src/os/qkernel.o
 .text.qOS_DispatchIdleTask
                0x80001f3a       0x80 /mnt/ubuntu/chisuhua/github/CoreRunner/build/riscv/../quarks//mnt/ubuntu/chisuhua/github/CoreRunner/QuarkTS//src/os/qkernel.o
 .text.qOS_TaskDeadLineReached
                0x80001fba       0x96 /mnt/ubuntu/chisuhua/github/CoreRunner/build/riscv/../quarks//mnt/ubuntu/chisuhua/github/CoreRunner/QuarkTS//src/os/qkernel.o
 .text.qOS_Get_TaskFlag
                0x80002050       0x36 /mnt/ubuntu/chisuhua/github/CoreRunner/build/riscv/../quarks//mnt/ubuntu/chisuhua/github/CoreRunner/QuarkTS//src/os/qkernel.o
                0x80002050                qOS_Get_TaskFlag
 .text.qOS_Set_TaskFlags
                0x80002086       0x54 /mnt/ubuntu/chisuhua/github/CoreRunner/build/riscv/../quarks//mnt/ubuntu/chisuhua/github/CoreRunner/QuarkTS//src/os/qkernel.o
                0x80002086                qOS_Set_TaskFlags
 .text.qList_Initialize
                0x800020da       0x42 /mnt/ubuntu/chisuhua/github/CoreRunner/build/riscv/../quarks//mnt/ubuntu/chisuhua/github/CoreRunner/QuarkTS//src/os/qlists.o
                0x800020da                qList_Initialize
 .text.qList_NodeInit
                0x8000211c       0x3a /mnt/ubuntu/chisuhua/github/CoreRunner/build/riscv/../quarks//mnt/ubuntu/chisuhua/github/CoreRunner/QuarkTS//src/os/qlists.o
 .text.qList_InsertAtFront
                0x80002156       0x3c /mnt/ubuntu/chisuhua/github/CoreRunner/build/riscv/../quarks//mnt/ubuntu/chisuhua/github/CoreRunner/QuarkTS//src/os/qlists.o
 .text.qList_InsertAtBack
                0x80002192       0x3c /mnt/ubuntu/chisuhua/github/CoreRunner/build/riscv/../quarks//mnt/ubuntu/chisuhua/github/CoreRunner/QuarkTS//src/os/qlists.o
 .text.qList_RemoveFront
                0x800021ce       0x50 /mnt/ubuntu/chisuhua/github/CoreRunner/build/riscv/../quarks//mnt/ubuntu/chisuhua/github/CoreRunner/QuarkTS//src/os/qlists.o
 .text.qList_RemoveBack
                0x8000221e       0x50 /mnt/ubuntu/chisuhua/github/CoreRunner/build/riscv/../quarks//mnt/ubuntu/chisuhua/github/CoreRunner/QuarkTS//src/os/qlists.o
 .text.qList_GetNodeAtIndex
                0x8000226e       0x56 /mnt/ubuntu/chisuhua/github/CoreRunner/build/riscv/../quarks//mnt/ubuntu/chisuhua/github/CoreRunner/QuarkTS//src/os/qlists.o
 .text.qList_Insert
                0x800022c4       0xfe /mnt/ubuntu/chisuhua/github/CoreRunner/build/riscv/../quarks//mnt/ubuntu/chisuhua/github/CoreRunner/QuarkTS//src/os/qlists.o
                0x800022c4                qList_Insert
 .text.qList_RemoveItself
                0x800023c2       0xac /mnt/ubuntu/chisuhua/github/CoreRunner/build/riscv/../quarks//mnt/ubuntu/chisuhua/github/CoreRunner/QuarkTS//src/os/qlists.o
                0x800023c2                qList_RemoveItself
 .text.qList_Remove
                0x8000246e       0xe4 /mnt/ubuntu/chisuhua/github/CoreRunner/build/riscv/../quarks//mnt/ubuntu/chisuhua/github/CoreRunner/QuarkTS//src/os/qlists.o
                0x8000246e                qList_Remove
 .text.qList_Move
                0x80002552      0x14c /mnt/ubuntu/chisuhua/github/CoreRunner/build/riscv/../quarks//mnt/ubuntu/chisuhua/github/CoreRunner/QuarkTS//src/os/qlists.o
                0x80002552                qList_Move
 .text.qList_ChangeContainer
                0x8000269e       0x3a /mnt/ubuntu/chisuhua/github/CoreRunner/build/riscv/../quarks//mnt/ubuntu/chisuhua/github/CoreRunner/QuarkTS//src/os/qlists.o
 .text.qList_IsMember
                0x800026d8       0x44 /mnt/ubuntu/chisuhua/github/CoreRunner/build/riscv/../quarks//mnt/ubuntu/chisuhua/github/CoreRunner/QuarkTS//src/os/qlists.o
                0x800026d8                qList_IsMember
 .text.qList_IteratorSet
                0x8000271c       0xf2 /mnt/ubuntu/chisuhua/github/CoreRunner/build/riscv/../quarks//mnt/ubuntu/chisuhua/github/CoreRunner/QuarkTS//src/os/qlists.o
                0x8000271c                qList_IteratorSet
 .text.qList_ForEach
                0x8000280e      0x146 /mnt/ubuntu/chisuhua/github/CoreRunner/build/riscv/../quarks//mnt/ubuntu/chisuhua/github/CoreRunner/QuarkTS//src/os/qlists.o
                0x8000280e                qList_ForEach
 .text._qNode_Forward
                0x80002954       0x1c /mnt/ubuntu/chisuhua/github/CoreRunner/build/riscv/../quarks//mnt/ubuntu/chisuhua/github/CoreRunner/QuarkTS//src/os/qlists.o
                0x80002954                _qNode_Forward
 .text._qNode_Backward
                0x80002970       0x1c /mnt/ubuntu/chisuhua/github/CoreRunner/build/riscv/../quarks//mnt/ubuntu/chisuhua/github/CoreRunner/QuarkTS//src/os/qlists.o
                0x80002970                _qNode_Backward
 .text.qList_Begin
                0x8000298c       0x48 /mnt/ubuntu/chisuhua/github/CoreRunner/build/riscv/../quarks//mnt/ubuntu/chisuhua/github/CoreRunner/QuarkTS//src/os/qlists.o
                0x8000298c                qList_Begin
 .text.qListIterator_Until
                0x800029d4       0x62 /mnt/ubuntu/chisuhua/github/CoreRunner/build/riscv/../quarks//mnt/ubuntu/chisuhua/github/CoreRunner/QuarkTS//src/os/qlists.o
                0x800029d4                qListIterator_Until
 .text.qListIterator_Forward
                0x80002a36       0x44 /mnt/ubuntu/chisuhua/github/CoreRunner/build/riscv/../quarks//mnt/ubuntu/chisuhua/github/CoreRunner/QuarkTS//src/os/qlists.o
                0x80002a36                qListIterator_Forward
 .text.qListIterator_Get
                0x80002a7a       0x1c /mnt/ubuntu/chisuhua/github/CoreRunner/build/riscv/../quarks//mnt/ubuntu/chisuhua/github/CoreRunner/QuarkTS//src/os/qlists.o
                0x80002a7a                qListIterator_Get
 .text.qQueue_IsReady
                0x80002a96       0x32 /mnt/ubuntu/chisuhua/github/CoreRunner/build/riscv/../quarks//mnt/ubuntu/chisuhua/github/CoreRunner/QuarkTS//src/os/qqueues.o
                0x80002a96                qQueue_IsReady
 .text.qQueue_Setup
                0x80002ac8       0x78 /mnt/ubuntu/chisuhua/github/CoreRunner/build/riscv/../quarks//mnt/ubuntu/chisuhua/github/CoreRunner/QuarkTS//src/os/qqueues.o
                0x80002ac8                qQueue_Setup
 .text.qQueue_Reset
                0x80002b40       0x86 /mnt/ubuntu/chisuhua/github/CoreRunner/build/riscv/../quarks//mnt/ubuntu/chisuhua/github/CoreRunner/QuarkTS//src/os/qqueues.o
                0x80002b40                qQueue_Reset
 .text.qQueue_IsEmpty
                0x80002bc6       0x38 /mnt/ubuntu/chisuhua/github/CoreRunner/build/riscv/../quarks//mnt/ubuntu/chisuhua/github/CoreRunner/QuarkTS//src/os/qqueues.o
                0x80002bc6                qQueue_IsEmpty
 .text.qQueue_Count
                0x80002bfe       0x2e /mnt/ubuntu/chisuhua/github/CoreRunner/build/riscv/../quarks//mnt/ubuntu/chisuhua/github/CoreRunner/QuarkTS//src/os/qqueues.o
                0x80002bfe                qQueue_Count
 .text.qQueue_IsFull
                0x80002c2c       0x3a /mnt/ubuntu/chisuhua/github/CoreRunner/build/riscv/../quarks//mnt/ubuntu/chisuhua/github/CoreRunner/QuarkTS//src/os/qqueues.o
                0x80002c2c                qQueue_IsFull
 .text.qQueue_Peek
                0x80002c66       0x66 /mnt/ubuntu/chisuhua/github/CoreRunner/build/riscv/../quarks//mnt/ubuntu/chisuhua/github/CoreRunner/QuarkTS//src/os/qqueues.o
                0x80002c66                qQueue_Peek
 .text.qQueue_RemoveFront
                0x80002ccc       0x58 /mnt/ubuntu/chisuhua/github/CoreRunner/build/riscv/../quarks//mnt/ubuntu/chisuhua/github/CoreRunner/QuarkTS//src/os/qqueues.o
                0x80002ccc                qQueue_RemoveFront
 .text.qQueue_CopyDataToQueue
                0x80002d24       0xd8 /mnt/ubuntu/chisuhua/github/CoreRunner/build/riscv/../quarks//mnt/ubuntu/chisuhua/github/CoreRunner/QuarkTS//src/os/qqueues.o
 .text.qQueue_MoveReader
                0x80002dfc       0x46 /mnt/ubuntu/chisuhua/github/CoreRunner/build/riscv/../quarks//mnt/ubuntu/chisuhua/github/CoreRunner/QuarkTS//src/os/qqueues.o
 .text.qQueue_CopyDataFromQueue
                0x80002e42       0x38 /mnt/ubuntu/chisuhua/github/CoreRunner/build/riscv/../quarks//mnt/ubuntu/chisuhua/github/CoreRunner/QuarkTS//src/os/qqueues.o
 .text.qQueue_Receive
                0x80002e7a       0x60 /mnt/ubuntu/chisuhua/github/CoreRunner/build/riscv/../quarks//mnt/ubuntu/chisuhua/github/CoreRunner/QuarkTS//src/os/qqueues.o
                0x80002e7a                qQueue_Receive
 .text.qQueue_Send
                0x80002eda       0x66 /mnt/ubuntu/chisuhua/github/CoreRunner/build/riscv/../quarks//mnt/ubuntu/chisuhua/github/CoreRunner/QuarkTS//src/os/qqueues.o
                0x80002eda                qQueue_Send
 .text.qSTimer_Reload
                0x80002f40       0x3c /mnt/ubuntu/chisuhua/github/CoreRunner/build/riscv/../quarks//mnt/ubuntu/chisuhua/github/CoreRunner/QuarkTS//src/os/qstimers.o
                0x80002f40                qSTimer_Reload
 .text.qSTimer_Set
                0x80002f7c       0x48 /mnt/ubuntu/chisuhua/github/CoreRunner/build/riscv/../quarks//mnt/ubuntu/chisuhua/github/CoreRunner/QuarkTS//src/os/qstimers.o
                0x80002f7c                qSTimer_Set
 .text.qSTimer_Expired
                0x80002fc4       0x4e /mnt/ubuntu/chisuhua/github/CoreRunner/build/riscv/../quarks//mnt/ubuntu/chisuhua/github/CoreRunner/QuarkTS//src/os/qstimers.o
                0x80002fc4                qSTimer_Expired
 .text.qSTimer_Disarm
                0x80003012       0x3a /mnt/ubuntu/chisuhua/github/CoreRunner/build/riscv/../quarks//mnt/ubuntu/chisuhua/github/CoreRunner/QuarkTS//src/os/qstimers.o
                0x80003012                qSTimer_Disarm
 .text.qSTimer_Status
                0x8000304c       0x36 /mnt/ubuntu/chisuhua/github/CoreRunner/build/riscv/../quarks//mnt/ubuntu/chisuhua/github/CoreRunner/QuarkTS//src/os/qstimers.o
                0x8000304c                qSTimer_Status
 .text.qTask_Set_State
                0x80003082       0xb6 /mnt/ubuntu/chisuhua/github/CoreRunner/build/riscv/../quarks//mnt/ubuntu/chisuhua/github/CoreRunner/QuarkTS//src/os/qtasks.o
                0x80003082                qTask_Set_State
 .text.qTask_Self
                0x80003138       0x18 /mnt/ubuntu/chisuhua/github/CoreRunner/build/riscv/../quarks//mnt/ubuntu/chisuhua/github/CoreRunner/QuarkTS//src/os/qtasks.o
                0x80003138                qTask_Self
 .text.qTask_Attach_Queue
                0x80003150       0x8e /mnt/ubuntu/chisuhua/github/CoreRunner/build/riscv/../quarks//mnt/ubuntu/chisuhua/github/CoreRunner/QuarkTS//src/os/qtasks.o
                0x80003150                qTask_Attach_Queue
 .text.stdio_exit_handler
                0x800031de       0x1a /mnt/ubuntu/chisuhua/github/CoreRunner/build/riscv/bin/../lib/gcc/riscv32-unknown-elf/14.2.0/../../../../riscv32-unknown-elf/lib/libc.a(libc_a-findfp.o)
 .text.cleanup_stdio
                0x800031f8       0x50 /mnt/ubuntu/chisuhua/github/CoreRunner/build/riscv/bin/../lib/gcc/riscv32-unknown-elf/14.2.0/../../../../riscv32-unknown-elf/lib/libc.a(libc_a-findfp.o)
 .text.global_stdio_init.part.0
                0x80003248      0x136 /mnt/ubuntu/chisuhua/github/CoreRunner/build/riscv/bin/../lib/gcc/riscv32-unknown-elf/14.2.0/../../../../riscv32-unknown-elf/lib/libc.a(libc_a-findfp.o)
 .text.__sinit  0x8000337e       0x1c /mnt/ubuntu/chisuhua/github/CoreRunner/build/riscv/bin/../lib/gcc/riscv32-unknown-elf/14.2.0/../../../../riscv32-unknown-elf/lib/libc.a(libc_a-findfp.o)
                0x8000337e                __sinit
 .text.__sfp_lock_acquire
                0x8000339a        0x2 /mnt/ubuntu/chisuhua/github/CoreRunner/build/riscv/bin/../lib/gcc/riscv32-unknown-elf/14.2.0/../../../../riscv32-unknown-elf/lib/libc.a(libc_a-findfp.o)
                0x8000339a                __sfp_lock_acquire
 .text.__sfp_lock_release
                0x8000339c        0x2 /mnt/ubuntu/chisuhua/github/CoreRunner/build/riscv/bin/../lib/gcc/riscv32-unknown-elf/14.2.0/../../../../riscv32-unknown-elf/lib/libc.a(libc_a-findfp.o)
                0x8000339c                __sfp_lock_release
 .text._fwalk_sglue
                0x8000339e       0x72 /mnt/ubuntu/chisuhua/github/CoreRunner/build/riscv/bin/../lib/gcc/riscv32-unknown-elf/14.2.0/../../../../riscv32-unknown-elf/lib/libc.a(libc_a-fwalk.o)
                0x8000339e                _fwalk_sglue
 .text._puts_r  0x80003410       0x80 /mnt/ubuntu/chisuhua/github/CoreRunner/build/riscv/bin/../lib/gcc/riscv32-unknown-elf/14.2.0/../../../../riscv32-unknown-elf/lib/libc.a(libc_a-puts.o)
                0x80003410                _puts_r
 .text.puts     0x80003490        0xc /mnt/ubuntu/chisuhua/github/CoreRunner/build/riscv/bin/../lib/gcc/riscv32-unknown-elf/14.2.0/../../../../riscv32-unknown-elf/lib/libc.a(libc_a-puts.o)
                0x80003490                puts
 .text.__sread  0x8000349c       0x36 /mnt/ubuntu/chisuhua/github/CoreRunner/build/riscv/bin/../lib/gcc/riscv32-unknown-elf/14.2.0/../../../../riscv32-unknown-elf/lib/libc.a(libc_a-stdio.o)
                0x8000349c                __sread
 .text.__swrite
                0x800034d2       0x50 /mnt/ubuntu/chisuhua/github/CoreRunner/build/riscv/bin/../lib/gcc/riscv32-unknown-elf/14.2.0/../../../../riscv32-unknown-elf/lib/libc.a(libc_a-stdio.o)
                0x800034d2                __swrite
 .text.__sseek  0x80003522       0x3c /mnt/ubuntu/chisuhua/github/CoreRunner/build/riscv/bin/../lib/gcc/riscv32-unknown-elf/14.2.0/../../../../riscv32-unknown-elf/lib/libc.a(libc_a-stdio.o)
                0x80003522                __sseek
 .text.__sclose
                0x8000355e        0x6 /mnt/ubuntu/chisuhua/github/CoreRunner/build/riscv/bin/../lib/gcc/riscv32-unknown-elf/14.2.0/../../../../riscv32-unknown-elf/lib/libc.a(libc_a-stdio.o)
                0x8000355e                __sclose
 .text._close_r
                0x80003564       0x3a /mnt/ubuntu/chisuhua/github/CoreRunner/build/riscv/bin/../lib/gcc/riscv32-unknown-elf/14.2.0/../../../../riscv32-unknown-elf/lib/libc.a(libc_a-closer.o)
                0x80003564                _close_r
 .text._lseek_r
                0x8000359e       0x40 /mnt/ubuntu/chisuhua/github/CoreRunner/build/riscv/bin/../lib/gcc/riscv32-unknown-elf/14.2.0/../../../../riscv32-unknown-elf/lib/libc.a(libc_a-lseekr.o)
                0x8000359e                _lseek_r
 .text._read_r  0x800035de       0x40 /mnt/ubuntu/chisuhua/github/CoreRunner/build/riscv/bin/../lib/gcc/riscv32-unknown-elf/14.2.0/../../../../riscv32-unknown-elf/lib/libc.a(libc_a-readr.o)
                0x800035de                _read_r
 .text._write_r
                0x8000361e       0x40 /mnt/ubuntu/chisuhua/github/CoreRunner/build/riscv/bin/../lib/gcc/riscv32-unknown-elf/14.2.0/../../../../riscv32-unknown-elf/lib/libc.a(libc_a-writer.o)
                0x8000361e                _write_r
 .text.memcpy   0x8000365e       0xec /mnt/ubuntu/chisuhua/github/CoreRunner/build/riscv/bin/../lib/gcc/riscv32-unknown-elf/14.2.0/../../../../riscv32-unknown-elf/lib/libc.a(libc_a-memcpy.o)
                0x8000365e                memcpy
 .text.strlen   0x8000374a       0x64 /mnt/ubuntu/chisuhua/github/CoreRunner/build/riscv/bin/../lib/gcc/riscv32-unknown-elf/14.2.0/../../../../riscv32-unknown-elf/lib/libc.a(libc_a-strlen.o)
                0x8000374a                strlen
 .text._malloc_trim_r
                0x800037ae       0xd8 /mnt/ubuntu/chisuhua/github/CoreRunner/build/riscv/bin/../lib/gcc/riscv32-unknown-elf/14.2.0/../../../../riscv32-unknown-elf/lib/libc.a(libc_a-freer.o)
                0x800037ae                _malloc_trim_r
 .text._free_r  0x80003886      0x22a /mnt/ubuntu/chisuhua/github/CoreRunner/build/riscv/bin/../lib/gcc/riscv32-unknown-elf/14.2.0/../../../../riscv32-unknown-elf/lib/libc.a(libc_a-freer.o)
                0x80003886                _free_r
 .text._malloc_r
                0x80003ab0      0x5ea /mnt/ubuntu/chisuhua/github/CoreRunner/build/riscv/bin/../lib/gcc/riscv32-unknown-elf/14.2.0/../../../../riscv32-unknown-elf/lib/libc.a(libc_a-mallocr.o)
                0x80003ab0                _malloc_r
 .text.__malloc_lock
                0x8000409a        0x2 /mnt/ubuntu/chisuhua/github/CoreRunner/build/riscv/bin/../lib/gcc/riscv32-unknown-elf/14.2.0/../../../../riscv32-unknown-elf/lib/libc.a(libc_a-mlock.o)
                0x8000409a                __malloc_lock
 .text.__malloc_unlock
                0x8000409c        0x2 /mnt/ubuntu/chisuhua/github/CoreRunner/build/riscv/bin/../lib/gcc/riscv32-unknown-elf/14.2.0/../../../../riscv32-unknown-elf/lib/libc.a(libc_a-mlock.o)
                0x8000409c                __malloc_unlock
 .text._fclose_r
                0x8000409e       0xa6 /mnt/ubuntu/chisuhua/github/CoreRunner/build/riscv/bin/../lib/gcc/riscv32-unknown-elf/14.2.0/../../../../riscv32-unknown-elf/lib/libc.a(libc_a-fclose.o)
                0x8000409e                _fclose_r
 .text.__sflush_r
                0x80004144      0x198 /mnt/ubuntu/chisuhua/github/CoreRunner/build/riscv/bin/../lib/gcc/riscv32-unknown-elf/14.2.0/../../../../riscv32-unknown-elf/lib/libc.a(libc_a-fflush.o)
                0x80004144                __sflush_r
 .text._fflush_r
                0x800042dc       0x32 /mnt/ubuntu/chisuhua/github/CoreRunner/build/riscv/bin/../lib/gcc/riscv32-unknown-elf/14.2.0/../../../../riscv32-unknown-elf/lib/libc.a(libc_a-fflush.o)
                0x800042dc                _fflush_r
 .text.__sfvwrite_r
                0x8000430e      0x340 /mnt/ubuntu/chisuhua/github/CoreRunner/build/riscv/bin/../lib/gcc/riscv32-unknown-elf/14.2.0/../../../../riscv32-unknown-elf/lib/libc.a(libc_a-fvwrite.o)
                0x8000430e                __sfvwrite_r
 .text.__swsetup_r
                0x8000464e      0x120 /mnt/ubuntu/chisuhua/github/CoreRunner/build/riscv/bin/../lib/gcc/riscv32-unknown-elf/14.2.0/../../../../riscv32-unknown-elf/lib/libc.a(libc_a-wsetup.o)
                0x8000464e                __swsetup_r
 .text.memchr   0x8000476e       0x94 /mnt/ubuntu/chisuhua/github/CoreRunner/build/riscv/bin/../lib/gcc/riscv32-unknown-elf/14.2.0/../../../../riscv32-unknown-elf/lib/libc.a(libc_a-memchr.o)
                0x8000476e                memchr
 .text._sbrk_r  0x80004802       0x38 /mnt/ubuntu/chisuhua/github/CoreRunner/build/riscv/bin/../lib/gcc/riscv32-unknown-elf/14.2.0/../../../../riscv32-unknown-elf/lib/libc.a(libc_a-sbrkr.o)
                0x80004802                _sbrk_r
 .text.memmove  0x8000483a       0xdc /mnt/ubuntu/chisuhua/github/CoreRunner/build/riscv/bin/../lib/gcc/riscv32-unknown-elf/14.2.0/../../../../riscv32-unknown-elf/lib/libc.a(libc_a-memmove-stub.o)
                0x8000483a                memmove
 .text._realloc_r
                0x80004916      0x40e /mnt/ubuntu/chisuhua/github/CoreRunner/build/riscv/bin/../lib/gcc/riscv32-unknown-elf/14.2.0/../../../../riscv32-unknown-elf/lib/libc.a(libc_a-reallocr.o)
                0x80004916                _realloc_r
 .text.__smakebuf_r
                0x80004d24       0xfa /mnt/ubuntu/chisuhua/github/CoreRunner/build/riscv/bin/../lib/gcc/riscv32-unknown-elf/14.2.0/../../../../riscv32-unknown-elf/lib/libc.a(libc_a-makebuf.o)
                0x80004d24                __smakebuf_r
 .text._fstat_r
                0x80004e1e       0x3c /mnt/ubuntu/chisuhua/github/CoreRunner/build/riscv/bin/../lib/gcc/riscv32-unknown-elf/14.2.0/../../../../riscv32-unknown-elf/lib/libc.a(libc_a-fstatr.o)
                0x80004e1e                _fstat_r
 .text._isatty_r
                0x80004e5a       0x38 /mnt/ubuntu/chisuhua/github/CoreRunner/build/riscv/bin/../lib/gcc/riscv32-unknown-elf/14.2.0/../../../../riscv32-unknown-elf/lib/libc.a(libc_a-isattyr.o)
                0x80004e5a                _isatty_r
 .text._close   0x80004e92       0x2a /mnt/ubuntu/chisuhua/github/CoreRunner/build/riscv/bin/../lib/gcc/riscv32-unknown-elf/14.2.0/../../../../riscv32-unknown-elf/lib/libgloss.a(riscv_libgloss_a-sys_close.o)
                0x80004e92                _close
 .text._fstat   0x80004ebc       0x38 /mnt/ubuntu/chisuhua/github/CoreRunner/build/riscv/bin/../lib/gcc/riscv32-unknown-elf/14.2.0/../../../../riscv32-unknown-elf/lib/libgloss.a(riscv_libgloss_a-sys_fstat.o)
                0x80004ebc                _fstat
 .text._isatty  0x80004ef4       0x22 /mnt/ubuntu/chisuhua/github/CoreRunner/build/riscv/bin/../lib/gcc/riscv32-unknown-elf/14.2.0/../../../../riscv32-unknown-elf/lib/libgloss.a(riscv_libgloss_a-sys_isatty.o)
                0x80004ef4                _isatty
 .text._lseek   0x80004f16       0x2a /mnt/ubuntu/chisuhua/github/CoreRunner/build/riscv/bin/../lib/gcc/riscv32-unknown-elf/14.2.0/../../../../riscv32-unknown-elf/lib/libgloss.a(riscv_libgloss_a-sys_lseek.o)
                0x80004f16                _lseek
 .text._read    0x80004f40       0x2a /mnt/ubuntu/chisuhua/github/CoreRunner/build/riscv/bin/../lib/gcc/riscv32-unknown-elf/14.2.0/../../../../riscv32-unknown-elf/lib/libgloss.a(riscv_libgloss_a-sys_read.o)
                0x80004f40                _read
 .text._sbrk    0x80004f6a       0x56 /mnt/ubuntu/chisuhua/github/CoreRunner/build/riscv/bin/../lib/gcc/riscv32-unknown-elf/14.2.0/../../../../riscv32-unknown-elf/lib/libgloss.a(riscv_libgloss_a-sys_sbrk.o)
                0x80004f6a                _sbrk
 .text._write   0x80004fc0       0x2a /mnt/ubuntu/chisuhua/github/CoreRunner/build/riscv/bin/../lib/gcc/riscv32-unknown-elf/14.2.0/../../../../riscv32-unknown-elf/lib/libgloss.a(riscv_libgloss_a-sys_write.o)
                0x80004fc0                _write
 .text._conv_stat
                0x80004fea       0x76 /mnt/ubuntu/chisuhua/github/CoreRunner/build/riscv/bin/../lib/gcc/riscv32-unknown-elf/14.2.0/../../../../riscv32-unknown-elf/lib/libgloss.a(riscv_libgloss_a-sys_conv_stat.o)
                0x80004fea                _conv_stat
 .text.__errno  0x80005060        0xa /mnt/ubuntu/chisuhua/github/CoreRunner/build/riscv/bin/../lib/gcc/riscv32-unknown-elf/14.2.0/../../../../riscv32-unknown-elf/lib/libc.a(libc_a-errno.o)
                0x80005060                __errno
 .text          0x8000506a      0x55a /mnt/ubuntu/chisuhua/github/CoreRunner/build/riscv/bin/../lib/gcc/riscv32-unknown-elf/14.2.0/libgcc.a(addsf3.o)
                0x8000506a                __addsf3
 .text          0x800055c4      0x37e /mnt/ubuntu/chisuhua/github/CoreRunner/build/riscv/bin/../lib/gcc/riscv32-unknown-elf/14.2.0/libgcc.a(divsf3.o)
                0x800055c4                __divsf3
 .text          0x80005942       0x82 /mnt/ubuntu/chisuhua/github/CoreRunner/build/riscv/bin/../lib/gcc/riscv32-unknown-elf/14.2.0/libgcc.a(gesf2.o)
                0x80005942                __gtsf2
                0x80005942                __gesf2
 .text          0x800059c4       0x76 /mnt/ubuntu/chisuhua/github/CoreRunner/build/riscv/bin/../lib/gcc/riscv32-unknown-elf/14.2.0/libgcc.a(fixunssfsi.o)
                0x800059c4                __fixunssfsi
 .text          0x80005a3a       0x3c /mnt/ubuntu/chisuhua/github/CoreRunner/build/riscv/bin/../lib/gcc/riscv32-unknown-elf/14.2.0/libgcc.a(_clzsi2.o)
                0x80005a3a                __clzsi2
 .text          0x80005a76       0xa8 /mnt/ubuntu/chisuhua/github/CoreRunner/build/riscv/bin/../lib/gcc/riscv32-unknown-elf/14.2.0/../../../../riscv32-unknown-elf/lib/libc.a(libc_a-memset.o)
                0x80005a76                memset

.rodata         0x80005b20      0x194
 .rodata        0x80005b20       0x54 /mnt/ubuntu/chisuhua/github/CoreRunner/build/riscv/../quarks/main.o
 .rodata        0x80005b74        0x4 /mnt/ubuntu/chisuhua/github/CoreRunner/build/riscv/../quarks//mnt/ubuntu/chisuhua/github/CoreRunner/QuarkTS//src/os/qclock.o
 .rodata        0x80005b78       0x3c /mnt/ubuntu/chisuhua/github/CoreRunner/build/riscv/bin/../lib/gcc/riscv32-unknown-elf/14.2.0/libgcc.a(divsf3.o)
 .rodata        0x80005bb4      0x100 /mnt/ubuntu/chisuhua/github/CoreRunner/build/riscv/bin/../lib/gcc/riscv32-unknown-elf/14.2.0/libgcc.a(_clz.o)
                0x80005bb4                __clz_tab

.rodata.qOS_Dispatch_xTask_FillEventInfo
                0x80005cb4       0x24
 .rodata.qOS_Dispatch_xTask_FillEventInfo
                0x80005cb4       0x24 /mnt/ubuntu/chisuhua/github/CoreRunner/build/riscv/../quarks//mnt/ubuntu/chisuhua/github/CoreRunner/QuarkTS//src/os/qkernel.o

.rodata._puts_r.str1.4
                0x80005cd8        0x2
 .rodata._puts_r.str1.4
                0x80005cd8        0x2 /mnt/ubuntu/chisuhua/github/CoreRunner/build/riscv/bin/../lib/gcc/riscv32-unknown-elf/14.2.0/../../../../riscv32-unknown-elf/lib/libc.a(libc_a-puts.o)

.data           0x80005ce0      0x558
 *(.data)
 *(.data.*)
 .data.psSignals
                0x80005ce0       0x20 /mnt/ubuntu/chisuhua/github/CoreRunner/build/riscv/../quarks//mnt/ubuntu/chisuhua/github/CoreRunner/QuarkTS//src/os/qfsm.o
 .data.__sglue  0x80005d00        0xc /mnt/ubuntu/chisuhua/github/CoreRunner/build/riscv/bin/../lib/gcc/riscv32-unknown-elf/14.2.0/../../../../riscv32-unknown-elf/lib/libc.a(libc_a-findfp.o)
                0x80005d00                __sglue
 *fill*         0x80005d0c        0x4 
 .data._impure_data
                0x80005d10      0x120 /mnt/ubuntu/chisuhua/github/CoreRunner/build/riscv/bin/../lib/gcc/riscv32-unknown-elf/14.2.0/../../../../riscv32-unknown-elf/lib/libc.a(libc_a-impure.o)
                0x80005d10                _impure_data
 .data.__malloc_av_
                0x80005e30      0x408 /mnt/ubuntu/chisuhua/github/CoreRunner/build/riscv/bin/../lib/gcc/riscv32-unknown-elf/14.2.0/../../../../riscv32-unknown-elf/lib/libc.a(libc_a-mallocr.o)
                0x80005e30                __malloc_av_

.sdata.qClock_GetTick
                0x80006238        0x4
 .sdata.qClock_GetTick
                0x80006238        0x4 /mnt/ubuntu/chisuhua/github/CoreRunner/build/riscv/../quarks//mnt/ubuntu/chisuhua/github/CoreRunner/QuarkTS//src/os/qclock.o
                0x80006238                qClock_GetTick

.sdata.qSM_SIG_MSG_EXIT.2
                0x8000623c        0x8
 .sdata.qSM_SIG_MSG_EXIT.2
                0x8000623c        0x8 /mnt/ubuntu/chisuhua/github/CoreRunner/build/riscv/../quarks//mnt/ubuntu/chisuhua/github/CoreRunner/QuarkTS//src/os/qfsm.o

.sdata.qSM_SIG_MSG_ENTRY.1
                0x80006244        0x8
 .sdata.qSM_SIG_MSG_ENTRY.1
                0x80006244        0x8 /mnt/ubuntu/chisuhua/github/CoreRunner/build/riscv/../quarks//mnt/ubuntu/chisuhua/github/CoreRunner/QuarkTS//src/os/qfsm.o

.sdata.qSM_SIG_MSG_START.0
                0x8000624c        0x8
 .sdata.qSM_SIG_MSG_START.0
                0x8000624c        0x8 /mnt/ubuntu/chisuhua/github/CoreRunner/build/riscv/../quarks//mnt/ubuntu/chisuhua/github/CoreRunner/QuarkTS//src/os/qfsm.o

.sdata._impure_ptr
                0x80006254        0x4
 .sdata._impure_ptr
                0x80006254        0x4 /mnt/ubuntu/chisuhua/github/CoreRunner/build/riscv/bin/../lib/gcc/riscv32-unknown-elf/14.2.0/../../../../riscv32-unknown-elf/lib/libc.a(libc_a-impure.o)
                0x80006254                _impure_ptr

.sdata.__malloc_sbrk_base
                0x80006258        0x4
 .sdata.__malloc_sbrk_base
                0x80006258        0x4 /mnt/ubuntu/chisuhua/github/CoreRunner/build/riscv/bin/../lib/gcc/riscv32-unknown-elf/14.2.0/../../../../riscv32-unknown-elf/lib/libc.a(libc_a-mallocr.o)
                0x80006258                __malloc_sbrk_base

.sdata.__malloc_trim_threshold
                0x8000625c        0x4
 .sdata.__malloc_trim_threshold
                0x8000625c        0x4 /mnt/ubuntu/chisuhua/github/CoreRunner/build/riscv/bin/../lib/gcc/riscv32-unknown-elf/14.2.0/../../../../riscv32-unknown-elf/lib/libc.a(libc_a-mallocr.o)
                0x8000625c                __malloc_trim_threshold

.bss            0x80006260      0x458
 *(.bss)
 *(.bss.*)
 .bss.LED_Task  0x80006260       0x48 /mnt/ubuntu/chisuhua/github/CoreRunner/build/riscv/../quarks/main.o
                0x80006260                LED_Task
 .bss.LED_FSM   0x800062a8       0x74 /mnt/ubuntu/chisuhua/github/CoreRunner/build/riscv/../quarks/main.o
                0x800062a8                LED_FSM
 .bss.State_LEDOff
                0x8000631c       0x24 /mnt/ubuntu/chisuhua/github/CoreRunner/build/riscv/../quarks/main.o
                0x8000631c                State_LEDOff
 .bss.State_LEDOn
                0x80006340       0x24 /mnt/ubuntu/chisuhua/github/CoreRunner/build/riscv/../quarks/main.o
                0x80006340                State_LEDOn
 .bss.State_LEDBlink
                0x80006364       0x24 /mnt/ubuntu/chisuhua/github/CoreRunner/build/riscv/../quarks/main.o
                0x80006364                State_LEDBlink
 .bss.LEDsigqueue
                0x80006388       0x1c /mnt/ubuntu/chisuhua/github/CoreRunner/build/riscv/../quarks/main.o
                0x80006388                LEDsigqueue
 .bss.led_sig_stack
                0x800063a4       0x28 /mnt/ubuntu/chisuhua/github/CoreRunner/build/riscv/../quarks/main.o
                0x800063a4                led_sig_stack
 .bss.critical  0x800063cc        0xc /mnt/ubuntu/chisuhua/github/CoreRunner/build/riscv/../quarks//mnt/ubuntu/chisuhua/github/CoreRunner/QuarkTS//src/os/qcritical.o
 .bss.psSubs    0x800063d8       0x80 /mnt/ubuntu/chisuhua/github/CoreRunner/build/riscv/../quarks//mnt/ubuntu/chisuhua/github/CoreRunner/QuarkTS//src/os/qfsm.o
 .bss.kernel    0x80006458      0x100 /mnt/ubuntu/chisuhua/github/CoreRunner/build/riscv/../quarks//mnt/ubuntu/chisuhua/github/CoreRunner/QuarkTS//src/os/qkernel.o
 .bss.__sf      0x80006558      0x138 /mnt/ubuntu/chisuhua/github/CoreRunner/build/riscv/bin/../lib/gcc/riscv32-unknown-elf/14.2.0/../../../../riscv32-unknown-elf/lib/libc.a(libc_a-findfp.o)
                0x80006558                __sf
 .bss.__malloc_current_mallinfo
                0x80006690       0x28 /mnt/ubuntu/chisuhua/github/CoreRunner/build/riscv/bin/../lib/gcc/riscv32-unknown-elf/14.2.0/../../../../riscv32-unknown-elf/lib/libc.a(libc_a-mallocr.o)
                0x80006690                __malloc_current_mallinfo
 *(COMMON)

.sbss.qSysTick_Epochs
                0x800066b8        0x4
 .sbss.qSysTick_Epochs
                0x800066b8        0x4 /mnt/ubuntu/chisuhua/github/CoreRunner/build/riscv/../quarks//mnt/ubuntu/chisuhua/github/CoreRunner/QuarkTS//src/os/qclock.o

.sbss.timingBase
                0x800066bc        0x4
 .sbss.timingBase
                0x800066bc        0x4 /mnt/ubuntu/chisuhua/github/CoreRunner/build/riscv/../quarks//mnt/ubuntu/chisuhua/github/CoreRunner/QuarkTS//src/os/qclock.o

.sbss.__stdio_exit_handler
                0x800066c0        0x4
 .sbss.__stdio_exit_handler
                0x800066c0        0x4 /mnt/ubuntu/chisuhua/github/CoreRunner/build/riscv/bin/../lib/gcc/riscv32-unknown-elf/14.2.0/../../../../riscv32-unknown-elf/lib/libc.a(libc_a-findfp.o)
                0x800066c0                __stdio_exit_handler

.sbss.errno     0x800066c4        0x4
 .sbss.errno    0x800066c4        0x4 /mnt/ubuntu/chisuhua/github/CoreRunner/build/riscv/bin/../lib/gcc/riscv32-unknown-elf/14.2.0/../../../../riscv32-unknown-elf/lib/libc.a(libc_a-reent.o)
                0x800066c4                errno

.sbss.__malloc_max_total_mem
                0x800066c8        0x4
 .sbss.__malloc_max_total_mem
                0x800066c8        0x4 /mnt/ubuntu/chisuhua/github/CoreRunner/build/riscv/bin/../lib/gcc/riscv32-unknown-elf/14.2.0/../../../../riscv32-unknown-elf/lib/libc.a(libc_a-mallocr.o)
                0x800066c8                __malloc_max_total_mem

.sbss.__malloc_max_sbrked_mem
                0x800066cc        0x4
 .sbss.__malloc_max_sbrked_mem
                0x800066cc        0x4 /mnt/ubuntu/chisuhua/github/CoreRunner/build/riscv/bin/../lib/gcc/riscv32-unknown-elf/14.2.0/../../../../riscv32-unknown-elf/lib/libc.a(libc_a-mallocr.o)
                0x800066cc                __malloc_max_sbrked_mem

.sbss.__malloc_top_pad
                0x800066d0        0x4
 .sbss.__malloc_top_pad
                0x800066d0        0x4 /mnt/ubuntu/chisuhua/github/CoreRunner/build/riscv/bin/../lib/gcc/riscv32-unknown-elf/14.2.0/../../../../riscv32-unknown-elf/lib/libc.a(libc_a-mallocr.o)
                0x800066d0                __malloc_top_pad

.sbss.heap_end.0
                0x800066d4        0x4
 .sbss.heap_end.0
                0x800066d4        0x4 /mnt/ubuntu/chisuhua/github/CoreRunner/build/riscv/bin/../lib/gcc/riscv32-unknown-elf/14.2.0/../../../../riscv32-unknown-elf/lib/libgloss.a(riscv_libgloss_a-sys_sbrk.o)

.task_list      0x800066d8        0x0
                0x800066d8                        __task_list_start = .
 *(.task_list)
                0x800066d8                        __task_list_end = .
                0x800066d8                        . = ALIGN (0x4)
                0x800066d8                        _end = .
                [!provide]                        PROVIDE (__task_list_start = .task_list_start)
                [!provide]                        PROVIDE (__task_list_end = .task_list_end)
OUTPUT(/mnt/ubuntu/chisuhua/github/CoreRunner/build/riscv/../quarks/kernel.elf elf32-littleriscv)

.debug_info     0x00000000     0x73bd
 .debug_info    0x00000000      0xce5 /mnt/ubuntu/chisuhua/github/CoreRunner/build/riscv/../quarks/main.o
 .debug_info    0x00000ce5      0x277 /mnt/ubuntu/chisuhua/github/CoreRunner/build/riscv/../quarks//mnt/ubuntu/chisuhua/github/CoreRunner/QuarkTS//src/os/qclock.o
 .debug_info    0x00000f5c      0x1eb /mnt/ubuntu/chisuhua/github/CoreRunner/build/riscv/../quarks//mnt/ubuntu/chisuhua/github/CoreRunner/QuarkTS//src/os/qcritical.o
 .debug_info    0x00001147     0x15df /mnt/ubuntu/chisuhua/github/CoreRunner/build/riscv/../quarks//mnt/ubuntu/chisuhua/github/CoreRunner/QuarkTS//src/os/qfsm.o
 .debug_info    0x00002726     0x1f5e /mnt/ubuntu/chisuhua/github/CoreRunner/build/riscv/../quarks//mnt/ubuntu/chisuhua/github/CoreRunner/QuarkTS//src/os/qkernel.o
 .debug_info    0x00004684      0xcd7 /mnt/ubuntu/chisuhua/github/CoreRunner/build/riscv/../quarks//mnt/ubuntu/chisuhua/github/CoreRunner/QuarkTS//src/os/qlists.o
 .debug_info    0x0000535b      0x537 /mnt/ubuntu/chisuhua/github/CoreRunner/build/riscv/../quarks//mnt/ubuntu/chisuhua/github/CoreRunner/QuarkTS//src/os/qqueues.o
 .debug_info    0x00005892      0x340 /mnt/ubuntu/chisuhua/github/CoreRunner/build/riscv/../quarks//mnt/ubuntu/chisuhua/github/CoreRunner/QuarkTS//src/os/qstimers.o
 .debug_info    0x00005bd2      0xb9e /mnt/ubuntu/chisuhua/github/CoreRunner/build/riscv/../quarks//mnt/ubuntu/chisuhua/github/CoreRunner/QuarkTS//src/os/qtasks.o
 .debug_info    0x00006770      0x2fd /mnt/ubuntu/chisuhua/github/CoreRunner/build/riscv/bin/../lib/gcc/riscv32-unknown-elf/14.2.0/libgcc.a(addsf3.o)
 .debug_info    0x00006a6d      0x36d /mnt/ubuntu/chisuhua/github/CoreRunner/build/riscv/bin/../lib/gcc/riscv32-unknown-elf/14.2.0/libgcc.a(divsf3.o)
 .debug_info    0x00006dda      0x204 /mnt/ubuntu/chisuhua/github/CoreRunner/build/riscv/bin/../lib/gcc/riscv32-unknown-elf/14.2.0/libgcc.a(gesf2.o)
 .debug_info    0x00006fde      0x19b /mnt/ubuntu/chisuhua/github/CoreRunner/build/riscv/bin/../lib/gcc/riscv32-unknown-elf/14.2.0/libgcc.a(fixunssfsi.o)
 .debug_info    0x00007179      0x157 /mnt/ubuntu/chisuhua/github/CoreRunner/build/riscv/bin/../lib/gcc/riscv32-unknown-elf/14.2.0/libgcc.a(_clzsi2.o)
 .debug_info    0x000072d0       0xed /mnt/ubuntu/chisuhua/github/CoreRunner/build/riscv/bin/../lib/gcc/riscv32-unknown-elf/14.2.0/libgcc.a(_clz.o)

.debug_abbrev   0x00000000     0x1922
 .debug_abbrev  0x00000000      0x22b /mnt/ubuntu/chisuhua/github/CoreRunner/build/riscv/../quarks/main.o
 .debug_abbrev  0x0000022b      0x138 /mnt/ubuntu/chisuhua/github/CoreRunner/build/riscv/../quarks//mnt/ubuntu/chisuhua/github/CoreRunner/QuarkTS//src/os/qclock.o
 .debug_abbrev  0x00000363      0x10c /mnt/ubuntu/chisuhua/github/CoreRunner/build/riscv/../quarks//mnt/ubuntu/chisuhua/github/CoreRunner/QuarkTS//src/os/qcritical.o
 .debug_abbrev  0x0000046f      0x2f3 /mnt/ubuntu/chisuhua/github/CoreRunner/build/riscv/../quarks//mnt/ubuntu/chisuhua/github/CoreRunner/QuarkTS//src/os/qfsm.o
 .debug_abbrev  0x00000762      0x399 /mnt/ubuntu/chisuhua/github/CoreRunner/build/riscv/../quarks//mnt/ubuntu/chisuhua/github/CoreRunner/QuarkTS//src/os/qkernel.o
 .debug_abbrev  0x00000afb      0x297 /mnt/ubuntu/chisuhua/github/CoreRunner/build/riscv/../quarks//mnt/ubuntu/chisuhua/github/CoreRunner/QuarkTS//src/os/qlists.o
 .debug_abbrev  0x00000d92      0x188 /mnt/ubuntu/chisuhua/github/CoreRunner/build/riscv/../quarks//mnt/ubuntu/chisuhua/github/CoreRunner/QuarkTS//src/os/qqueues.o
 .debug_abbrev  0x00000f1a      0x146 /mnt/ubuntu/chisuhua/github/CoreRunner/build/riscv/../quarks//mnt/ubuntu/chisuhua/github/CoreRunner/QuarkTS//src/os/qstimers.o
 .debug_abbrev  0x00001060      0x26a /mnt/ubuntu/chisuhua/github/CoreRunner/build/riscv/../quarks//mnt/ubuntu/chisuhua/github/CoreRunner/QuarkTS//src/os/qtasks.o
 .debug_abbrev  0x000012ca      0x167 /mnt/ubuntu/chisuhua/github/CoreRunner/build/riscv/bin/../lib/gcc/riscv32-unknown-elf/14.2.0/libgcc.a(addsf3.o)
 .debug_abbrev  0x00001431      0x134 /mnt/ubuntu/chisuhua/github/CoreRunner/build/riscv/bin/../lib/gcc/riscv32-unknown-elf/14.2.0/libgcc.a(divsf3.o)
 .debug_abbrev  0x00001565      0x14b /mnt/ubuntu/chisuhua/github/CoreRunner/build/riscv/bin/../lib/gcc/riscv32-unknown-elf/14.2.0/libgcc.a(gesf2.o)
 .debug_abbrev  0x000016b0      0x138 /mnt/ubuntu/chisuhua/github/CoreRunner/build/riscv/bin/../lib/gcc/riscv32-unknown-elf/14.2.0/libgcc.a(fixunssfsi.o)
 .debug_abbrev  0x000017e8       0xca /mnt/ubuntu/chisuhua/github/CoreRunner/build/riscv/bin/../lib/gcc/riscv32-unknown-elf/14.2.0/libgcc.a(_clzsi2.o)
 .debug_abbrev  0x000018b2       0x70 /mnt/ubuntu/chisuhua/github/CoreRunner/build/riscv/bin/../lib/gcc/riscv32-unknown-elf/14.2.0/libgcc.a(_clz.o)

.debug_aranges  0x00000000      0x688
 .debug_aranges
                0x00000000       0x40 /mnt/ubuntu/chisuhua/github/CoreRunner/build/riscv/../quarks/main.o
 .debug_aranges
                0x00000040       0x50 /mnt/ubuntu/chisuhua/github/CoreRunner/build/riscv/../quarks//mnt/ubuntu/chisuhua/github/CoreRunner/QuarkTS//src/os/qclock.o
 .debug_aranges
                0x00000090       0x30 /mnt/ubuntu/chisuhua/github/CoreRunner/build/riscv/../quarks//mnt/ubuntu/chisuhua/github/CoreRunner/QuarkTS//src/os/qcritical.o
 .debug_aranges
                0x000000c0      0x128 /mnt/ubuntu/chisuhua/github/CoreRunner/build/riscv/../quarks//mnt/ubuntu/chisuhua/github/CoreRunner/QuarkTS//src/os/qfsm.o
 .debug_aranges
                0x000001e8      0x130 /mnt/ubuntu/chisuhua/github/CoreRunner/build/riscv/../quarks//mnt/ubuntu/chisuhua/github/CoreRunner/QuarkTS//src/os/qkernel.o
 .debug_aranges
                0x00000318      0x118 /mnt/ubuntu/chisuhua/github/CoreRunner/build/riscv/../quarks//mnt/ubuntu/chisuhua/github/CoreRunner/QuarkTS//src/os/qlists.o
 .debug_aranges
                0x00000430       0x88 /mnt/ubuntu/chisuhua/github/CoreRunner/build/riscv/../quarks//mnt/ubuntu/chisuhua/github/CoreRunner/QuarkTS//src/os/qqueues.o
 .debug_aranges
                0x000004b8       0x58 /mnt/ubuntu/chisuhua/github/CoreRunner/build/riscv/../quarks//mnt/ubuntu/chisuhua/github/CoreRunner/QuarkTS//src/os/qstimers.o
 .debug_aranges
                0x00000510       0xc0 /mnt/ubuntu/chisuhua/github/CoreRunner/build/riscv/../quarks//mnt/ubuntu/chisuhua/github/CoreRunner/QuarkTS//src/os/qtasks.o
 .debug_aranges
                0x000005d0       0x20 /mnt/ubuntu/chisuhua/github/CoreRunner/build/riscv/bin/../lib/gcc/riscv32-unknown-elf/14.2.0/libgcc.a(addsf3.o)
 .debug_aranges
                0x000005f0       0x20 /mnt/ubuntu/chisuhua/github/CoreRunner/build/riscv/bin/../lib/gcc/riscv32-unknown-elf/14.2.0/libgcc.a(divsf3.o)
 .debug_aranges
                0x00000610       0x20 /mnt/ubuntu/chisuhua/github/CoreRunner/build/riscv/bin/../lib/gcc/riscv32-unknown-elf/14.2.0/libgcc.a(gesf2.o)
 .debug_aranges
                0x00000630       0x20 /mnt/ubuntu/chisuhua/github/CoreRunner/build/riscv/bin/../lib/gcc/riscv32-unknown-elf/14.2.0/libgcc.a(fixunssfsi.o)
 .debug_aranges
                0x00000650       0x20 /mnt/ubuntu/chisuhua/github/CoreRunner/build/riscv/bin/../lib/gcc/riscv32-unknown-elf/14.2.0/libgcc.a(_clzsi2.o)
 .debug_aranges
                0x00000670       0x18 /mnt/ubuntu/chisuhua/github/CoreRunner/build/riscv/bin/../lib/gcc/riscv32-unknown-elf/14.2.0/libgcc.a(_clz.o)

.debug_rnglists
                0x00000000      0x6b1
 .debug_rnglists
                0x00000000       0x2c /mnt/ubuntu/chisuhua/github/CoreRunner/build/riscv/../quarks/main.o
 .debug_rnglists
                0x0000002c       0x37 /mnt/ubuntu/chisuhua/github/CoreRunner/build/riscv/../quarks//mnt/ubuntu/chisuhua/github/CoreRunner/QuarkTS//src/os/qclock.o
 .debug_rnglists
                0x00000063       0x1f /mnt/ubuntu/chisuhua/github/CoreRunner/build/riscv/../quarks//mnt/ubuntu/chisuhua/github/CoreRunner/QuarkTS//src/os/qcritical.o
 .debug_rnglists
                0x00000082       0xf0 /mnt/ubuntu/chisuhua/github/CoreRunner/build/riscv/../quarks//mnt/ubuntu/chisuhua/github/CoreRunner/QuarkTS//src/os/qfsm.o
 .debug_rnglists
                0x00000172       0xf2 /mnt/ubuntu/chisuhua/github/CoreRunner/build/riscv/../quarks//mnt/ubuntu/chisuhua/github/CoreRunner/QuarkTS//src/os/qkernel.o
 .debug_rnglists
                0x00000264       0xd7 /mnt/ubuntu/chisuhua/github/CoreRunner/build/riscv/../quarks//mnt/ubuntu/chisuhua/github/CoreRunner/QuarkTS//src/os/qlists.o
 .debug_rnglists
                0x0000033b       0x64 /mnt/ubuntu/chisuhua/github/CoreRunner/build/riscv/../quarks//mnt/ubuntu/chisuhua/github/CoreRunner/QuarkTS//src/os/qqueues.o
 .debug_rnglists
                0x0000039f       0x3d /mnt/ubuntu/chisuhua/github/CoreRunner/build/riscv/../quarks//mnt/ubuntu/chisuhua/github/CoreRunner/QuarkTS//src/os/qstimers.o
 .debug_rnglists
                0x000003dc       0x8f /mnt/ubuntu/chisuhua/github/CoreRunner/build/riscv/../quarks//mnt/ubuntu/chisuhua/github/CoreRunner/QuarkTS//src/os/qtasks.o
 .debug_rnglists
                0x0000046b      0x18f /mnt/ubuntu/chisuhua/github/CoreRunner/build/riscv/bin/../lib/gcc/riscv32-unknown-elf/14.2.0/libgcc.a(addsf3.o)
 .debug_rnglists
                0x000005fa       0x6c /mnt/ubuntu/chisuhua/github/CoreRunner/build/riscv/bin/../lib/gcc/riscv32-unknown-elf/14.2.0/libgcc.a(divsf3.o)
 .debug_rnglists
                0x00000666       0x1b /mnt/ubuntu/chisuhua/github/CoreRunner/build/riscv/bin/../lib/gcc/riscv32-unknown-elf/14.2.0/libgcc.a(gesf2.o)
 .debug_rnglists
                0x00000681       0x1a /mnt/ubuntu/chisuhua/github/CoreRunner/build/riscv/bin/../lib/gcc/riscv32-unknown-elf/14.2.0/libgcc.a(fixunssfsi.o)
 .debug_rnglists
                0x0000069b       0x16 /mnt/ubuntu/chisuhua/github/CoreRunner/build/riscv/bin/../lib/gcc/riscv32-unknown-elf/14.2.0/libgcc.a(_clzsi2.o)

.debug_line     0x00000000     0x7b8c
 .debug_line    0x00000000      0x21f /mnt/ubuntu/chisuhua/github/CoreRunner/build/riscv/../quarks/main.o
 .debug_line    0x0000021f      0x1f0 /mnt/ubuntu/chisuhua/github/CoreRunner/build/riscv/../quarks//mnt/ubuntu/chisuhua/github/CoreRunner/QuarkTS//src/os/qclock.o
 .debug_line    0x0000040f      0x141 /mnt/ubuntu/chisuhua/github/CoreRunner/build/riscv/../quarks//mnt/ubuntu/chisuhua/github/CoreRunner/QuarkTS//src/os/qcritical.o
 .debug_line    0x00000550     0x15ae /mnt/ubuntu/chisuhua/github/CoreRunner/build/riscv/../quarks//mnt/ubuntu/chisuhua/github/CoreRunner/QuarkTS//src/os/qfsm.o
 .debug_line    0x00001afe     0x14ee /mnt/ubuntu/chisuhua/github/CoreRunner/build/riscv/../quarks//mnt/ubuntu/chisuhua/github/CoreRunner/QuarkTS//src/os/qkernel.o
 .debug_line    0x00002fec     0x11b4 /mnt/ubuntu/chisuhua/github/CoreRunner/build/riscv/../quarks//mnt/ubuntu/chisuhua/github/CoreRunner/QuarkTS//src/os/qlists.o
 .debug_line    0x000041a0      0x673 /mnt/ubuntu/chisuhua/github/CoreRunner/build/riscv/../quarks//mnt/ubuntu/chisuhua/github/CoreRunner/QuarkTS//src/os/qqueues.o
 .debug_line    0x00004813      0x326 /mnt/ubuntu/chisuhua/github/CoreRunner/build/riscv/../quarks//mnt/ubuntu/chisuhua/github/CoreRunner/QuarkTS//src/os/qstimers.o
 .debug_line    0x00004b39      0x7e3 /mnt/ubuntu/chisuhua/github/CoreRunner/build/riscv/../quarks//mnt/ubuntu/chisuhua/github/CoreRunner/QuarkTS//src/os/qtasks.o
 .debug_line    0x0000531c     0x15e2 /mnt/ubuntu/chisuhua/github/CoreRunner/build/riscv/bin/../lib/gcc/riscv32-unknown-elf/14.2.0/libgcc.a(addsf3.o)
 .debug_line    0x000068fe      0xbf2 /mnt/ubuntu/chisuhua/github/CoreRunner/build/riscv/bin/../lib/gcc/riscv32-unknown-elf/14.2.0/libgcc.a(divsf3.o)
 .debug_line    0x000074f0      0x2e9 /mnt/ubuntu/chisuhua/github/CoreRunner/build/riscv/bin/../lib/gcc/riscv32-unknown-elf/14.2.0/libgcc.a(gesf2.o)
 .debug_line    0x000077d9      0x299 /mnt/ubuntu/chisuhua/github/CoreRunner/build/riscv/bin/../lib/gcc/riscv32-unknown-elf/14.2.0/libgcc.a(fixunssfsi.o)
 .debug_line    0x00007a72       0xdb /mnt/ubuntu/chisuhua/github/CoreRunner/build/riscv/bin/../lib/gcc/riscv32-unknown-elf/14.2.0/libgcc.a(_clzsi2.o)
 .debug_line    0x00007b4d       0x3f /mnt/ubuntu/chisuhua/github/CoreRunner/build/riscv/bin/../lib/gcc/riscv32-unknown-elf/14.2.0/libgcc.a(_clz.o)

.debug_str      0x00000000     0x2660
 .debug_str     0x00000000     0x2660 /mnt/ubuntu/chisuhua/github/CoreRunner/build/riscv/../quarks/main.o
                                0xa3d (size before relaxing)
 .debug_str     0x00002660      0x26e /mnt/ubuntu/chisuhua/github/CoreRunner/build/riscv/../quarks//mnt/ubuntu/chisuhua/github/CoreRunner/QuarkTS//src/os/qclock.o
 .debug_str     0x00002660      0x23a /mnt/ubuntu/chisuhua/github/CoreRunner/build/riscv/../quarks//mnt/ubuntu/chisuhua/github/CoreRunner/QuarkTS//src/os/qcritical.o
 .debug_str     0x00002660      0xd92 /mnt/ubuntu/chisuhua/github/CoreRunner/build/riscv/../quarks//mnt/ubuntu/chisuhua/github/CoreRunner/QuarkTS//src/os/qfsm.o
 .debug_str     0x00002660     0x139a /mnt/ubuntu/chisuhua/github/CoreRunner/build/riscv/../quarks//mnt/ubuntu/chisuhua/github/CoreRunner/QuarkTS//src/os/qkernel.o
 .debug_str     0x00002660      0x5e6 /mnt/ubuntu/chisuhua/github/CoreRunner/build/riscv/../quarks//mnt/ubuntu/chisuhua/github/CoreRunner/QuarkTS//src/os/qlists.o
 .debug_str     0x00002660      0x321 /mnt/ubuntu/chisuhua/github/CoreRunner/build/riscv/../quarks//mnt/ubuntu/chisuhua/github/CoreRunner/QuarkTS//src/os/qqueues.o
 .debug_str     0x00002660      0x27f /mnt/ubuntu/chisuhua/github/CoreRunner/build/riscv/../quarks//mnt/ubuntu/chisuhua/github/CoreRunner/QuarkTS//src/os/qstimers.o
 .debug_str     0x00002660      0x87c /mnt/ubuntu/chisuhua/github/CoreRunner/build/riscv/../quarks//mnt/ubuntu/chisuhua/github/CoreRunner/QuarkTS//src/os/qtasks.o
 .debug_str     0x00002660      0x27d /mnt/ubuntu/chisuhua/github/CoreRunner/build/riscv/bin/../lib/gcc/riscv32-unknown-elf/14.2.0/libgcc.a(addsf3.o)
 .debug_str     0x00002660      0x2e7 /mnt/ubuntu/chisuhua/github/CoreRunner/build/riscv/bin/../lib/gcc/riscv32-unknown-elf/14.2.0/libgcc.a(divsf3.o)
 .debug_str     0x00002660      0x1d4 /mnt/ubuntu/chisuhua/github/CoreRunner/build/riscv/bin/../lib/gcc/riscv32-unknown-elf/14.2.0/libgcc.a(gesf2.o)
 .debug_str     0x00002660      0x1b1 /mnt/ubuntu/chisuhua/github/CoreRunner/build/riscv/bin/../lib/gcc/riscv32-unknown-elf/14.2.0/libgcc.a(fixunssfsi.o)
 .debug_str     0x00002660      0x1ea /mnt/ubuntu/chisuhua/github/CoreRunner/build/riscv/bin/../lib/gcc/riscv32-unknown-elf/14.2.0/libgcc.a(_clzsi2.o)
 .debug_str     0x00002660      0x1cd /mnt/ubuntu/chisuhua/github/CoreRunner/build/riscv/bin/../lib/gcc/riscv32-unknown-elf/14.2.0/libgcc.a(_clz.o)

.debug_line_str
                0x00000000      0x660
 .debug_line_str
                0x00000000      0x660 /mnt/ubuntu/chisuhua/github/CoreRunner/build/riscv/../quarks/main.o
                                0x299 (size before relaxing)
 .debug_line_str
                0x00000660      0x1b2 /mnt/ubuntu/chisuhua/github/CoreRunner/build/riscv/../quarks//mnt/ubuntu/chisuhua/github/CoreRunner/QuarkTS//src/os/qclock.o
 .debug_line_str
                0x00000660      0x1be /mnt/ubuntu/chisuhua/github/CoreRunner/build/riscv/../quarks//mnt/ubuntu/chisuhua/github/CoreRunner/QuarkTS//src/os/qcritical.o
 .debug_line_str
                0x00000660      0x229 /mnt/ubuntu/chisuhua/github/CoreRunner/build/riscv/../quarks//mnt/ubuntu/chisuhua/github/CoreRunner/QuarkTS//src/os/qfsm.o
 .debug_line_str
                0x00000660      0x264 /mnt/ubuntu/chisuhua/github/CoreRunner/build/riscv/../quarks//mnt/ubuntu/chisuhua/github/CoreRunner/QuarkTS//src/os/qkernel.o
 .debug_line_str
                0x00000660      0x1bb /mnt/ubuntu/chisuhua/github/CoreRunner/build/riscv/../quarks//mnt/ubuntu/chisuhua/github/CoreRunner/QuarkTS//src/os/qlists.o
 .debug_line_str
                0x00000660      0x223 /mnt/ubuntu/chisuhua/github/CoreRunner/build/riscv/../quarks//mnt/ubuntu/chisuhua/github/CoreRunner/QuarkTS//src/os/qqueues.o
 .debug_line_str
                0x00000660      0x1c3 /mnt/ubuntu/chisuhua/github/CoreRunner/build/riscv/../quarks//mnt/ubuntu/chisuhua/github/CoreRunner/QuarkTS//src/os/qstimers.o
 .debug_line_str
                0x00000660      0x1e4 /mnt/ubuntu/chisuhua/github/CoreRunner/build/riscv/../quarks//mnt/ubuntu/chisuhua/github/CoreRunner/QuarkTS//src/os/qtasks.o
 .debug_line_str
                0x00000660      0x13c /mnt/ubuntu/chisuhua/github/CoreRunner/build/riscv/bin/../lib/gcc/riscv32-unknown-elf/14.2.0/libgcc.a(addsf3.o)
 .debug_line_str
                0x00000660      0x13c /mnt/ubuntu/chisuhua/github/CoreRunner/build/riscv/bin/../lib/gcc/riscv32-unknown-elf/14.2.0/libgcc.a(divsf3.o)
 .debug_line_str
                0x00000660      0x149 /mnt/ubuntu/chisuhua/github/CoreRunner/build/riscv/bin/../lib/gcc/riscv32-unknown-elf/14.2.0/libgcc.a(gesf2.o)
 .debug_line_str
                0x00000660      0x152 /mnt/ubuntu/chisuhua/github/CoreRunner/build/riscv/bin/../lib/gcc/riscv32-unknown-elf/14.2.0/libgcc.a(fixunssfsi.o)
 .debug_line_str
                0x00000660      0x130 /mnt/ubuntu/chisuhua/github/CoreRunner/build/riscv/bin/../lib/gcc/riscv32-unknown-elf/14.2.0/libgcc.a(_clzsi2.o)
 .debug_line_str
                0x00000660      0x130 /mnt/ubuntu/chisuhua/github/CoreRunner/build/riscv/bin/../lib/gcc/riscv32-unknown-elf/14.2.0/libgcc.a(_clz.o)

.comment        0x00000000       0x2d
 .comment       0x00000000       0x2d /mnt/ubuntu/chisuhua/github/CoreRunner/build/riscv/../quarks/main.o
                                 0x1c (size before relaxing)
 .comment       0x0000002d       0x1c /mnt/ubuntu/chisuhua/github/CoreRunner/build/riscv/../quarks//mnt/ubuntu/chisuhua/github/CoreRunner/QuarkTS//src/os/qclock.o
 .comment       0x0000002d       0x1c /mnt/ubuntu/chisuhua/github/CoreRunner/build/riscv/../quarks//mnt/ubuntu/chisuhua/github/CoreRunner/QuarkTS//src/os/qcritical.o
 .comment       0x0000002d       0x1c /mnt/ubuntu/chisuhua/github/CoreRunner/build/riscv/../quarks//mnt/ubuntu/chisuhua/github/CoreRunner/QuarkTS//src/os/qfsm.o
 .comment       0x0000002d       0x1c /mnt/ubuntu/chisuhua/github/CoreRunner/build/riscv/../quarks//mnt/ubuntu/chisuhua/github/CoreRunner/QuarkTS//src/os/qkernel.o
 .comment       0x0000002d       0x1c /mnt/ubuntu/chisuhua/github/CoreRunner/build/riscv/../quarks//mnt/ubuntu/chisuhua/github/CoreRunner/QuarkTS//src/os/qlists.o
 .comment       0x0000002d       0x1c /mnt/ubuntu/chisuhua/github/CoreRunner/build/riscv/../quarks//mnt/ubuntu/chisuhua/github/CoreRunner/QuarkTS//src/os/qqueues.o
 .comment       0x0000002d       0x1c /mnt/ubuntu/chisuhua/github/CoreRunner/build/riscv/../quarks//mnt/ubuntu/chisuhua/github/CoreRunner/QuarkTS//src/os/qstimers.o
 .comment       0x0000002d       0x1c /mnt/ubuntu/chisuhua/github/CoreRunner/build/riscv/../quarks//mnt/ubuntu/chisuhua/github/CoreRunner/QuarkTS//src/os/qtasks.o
 .comment       0x0000002d       0x1c /mnt/ubuntu/chisuhua/github/CoreRunner/build/riscv/bin/../lib/gcc/riscv32-unknown-elf/14.2.0/libgcc.a(addsf3.o)
 .comment       0x0000002d       0x1c /mnt/ubuntu/chisuhua/github/CoreRunner/build/riscv/bin/../lib/gcc/riscv32-unknown-elf/14.2.0/libgcc.a(divsf3.o)
 .comment       0x0000002d       0x1c /mnt/ubuntu/chisuhua/github/CoreRunner/build/riscv/bin/../lib/gcc/riscv32-unknown-elf/14.2.0/libgcc.a(gesf2.o)
 .comment       0x0000002d       0x1c /mnt/ubuntu/chisuhua/github/CoreRunner/build/riscv/bin/../lib/gcc/riscv32-unknown-elf/14.2.0/libgcc.a(fixunssfsi.o)
 .comment       0x0000002d       0x1c /mnt/ubuntu/chisuhua/github/CoreRunner/build/riscv/bin/../lib/gcc/riscv32-unknown-elf/14.2.0/libgcc.a(_clzsi2.o)
 .comment       0x0000002d       0x1c /mnt/ubuntu/chisuhua/github/CoreRunner/build/riscv/bin/../lib/gcc/riscv32-unknown-elf/14.2.0/libgcc.a(_clz.o)
 .comment       0x0000002d       0x13 /mnt/ubuntu/chisuhua/github/CoreRunner/build/riscv/bin/../lib/gcc/riscv32-unknown-elf/14.2.0/../../../../riscv32-unknown-elf/lib/libc.a(libc_a-findfp.o)
 .comment       0x0000002d       0x13 /mnt/ubuntu/chisuhua/github/CoreRunner/build/riscv/bin/../lib/gcc/riscv32-unknown-elf/14.2.0/../../../../riscv32-unknown-elf/lib/libc.a(libc_a-fwalk.o)
 .comment       0x0000002d       0x13 /mnt/ubuntu/chisuhua/github/CoreRunner/build/riscv/bin/../lib/gcc/riscv32-unknown-elf/14.2.0/../../../../riscv32-unknown-elf/lib/libc.a(libc_a-puts.o)
 .comment       0x0000002d       0x13 /mnt/ubuntu/chisuhua/github/CoreRunner/build/riscv/bin/../lib/gcc/riscv32-unknown-elf/14.2.0/../../../../riscv32-unknown-elf/lib/libc.a(libc_a-stdio.o)
 .comment       0x0000002d       0x13 /mnt/ubuntu/chisuhua/github/CoreRunner/build/riscv/bin/../lib/gcc/riscv32-unknown-elf/14.2.0/../../../../riscv32-unknown-elf/lib/libc.a(libc_a-closer.o)
 .comment       0x0000002d       0x13 /mnt/ubuntu/chisuhua/github/CoreRunner/build/riscv/bin/../lib/gcc/riscv32-unknown-elf/14.2.0/../../../../riscv32-unknown-elf/lib/libc.a(libc_a-reent.o)
 .comment       0x0000002d       0x13 /mnt/ubuntu/chisuhua/github/CoreRunner/build/riscv/bin/../lib/gcc/riscv32-unknown-elf/14.2.0/../../../../riscv32-unknown-elf/lib/libc.a(libc_a-impure.o)
 .comment       0x0000002d       0x13 /mnt/ubuntu/chisuhua/github/CoreRunner/build/riscv/bin/../lib/gcc/riscv32-unknown-elf/14.2.0/../../../../riscv32-unknown-elf/lib/libc.a(libc_a-lseekr.o)
 .comment       0x0000002d       0x13 /mnt/ubuntu/chisuhua/github/CoreRunner/build/riscv/bin/../lib/gcc/riscv32-unknown-elf/14.2.0/../../../../riscv32-unknown-elf/lib/libc.a(libc_a-readr.o)
 .comment       0x0000002d       0x13 /mnt/ubuntu/chisuhua/github/CoreRunner/build/riscv/bin/../lib/gcc/riscv32-unknown-elf/14.2.0/../../../../riscv32-unknown-elf/lib/libc.a(libc_a-writer.o)
 .comment       0x0000002d       0x13 /mnt/ubuntu/chisuhua/github/CoreRunner/build/riscv/bin/../lib/gcc/riscv32-unknown-elf/14.2.0/../../../../riscv32-unknown-elf/lib/libc.a(libc_a-memcpy.o)
 .comment       0x0000002d       0x13 /mnt/ubuntu/chisuhua/github/CoreRunner/build/riscv/bin/../lib/gcc/riscv32-unknown-elf/14.2.0/../../../../riscv32-unknown-elf/lib/libc.a(libc_a-strlen.o)
 .comment       0x0000002d       0x13 /mnt/ubuntu/chisuhua/github/CoreRunner/build/riscv/bin/../lib/gcc/riscv32-unknown-elf/14.2.0/../../../../riscv32-unknown-elf/lib/libc.a(libc_a-freer.o)
 .comment       0x0000002d       0x13 /mnt/ubuntu/chisuhua/github/CoreRunner/build/riscv/bin/../lib/gcc/riscv32-unknown-elf/14.2.0/../../../../riscv32-unknown-elf/lib/libc.a(libc_a-mallocr.o)
 .comment       0x0000002d       0x13 /mnt/ubuntu/chisuhua/github/CoreRunner/build/riscv/bin/../lib/gcc/riscv32-unknown-elf/14.2.0/../../../../riscv32-unknown-elf/lib/libc.a(libc_a-mlock.o)
 .comment       0x0000002d       0x13 /mnt/ubuntu/chisuhua/github/CoreRunner/build/riscv/bin/../lib/gcc/riscv32-unknown-elf/14.2.0/../../../../riscv32-unknown-elf/lib/libc.a(libc_a-fclose.o)
 .comment       0x0000002d       0x13 /mnt/ubuntu/chisuhua/github/CoreRunner/build/riscv/bin/../lib/gcc/riscv32-unknown-elf/14.2.0/../../../../riscv32-unknown-elf/lib/libc.a(libc_a-fflush.o)
 .comment       0x0000002d       0x13 /mnt/ubuntu/chisuhua/github/CoreRunner/build/riscv/bin/../lib/gcc/riscv32-unknown-elf/14.2.0/../../../../riscv32-unknown-elf/lib/libc.a(libc_a-fvwrite.o)
 .comment       0x0000002d       0x13 /mnt/ubuntu/chisuhua/github/CoreRunner/build/riscv/bin/../lib/gcc/riscv32-unknown-elf/14.2.0/../../../../riscv32-unknown-elf/lib/libc.a(libc_a-wsetup.o)
 .comment       0x0000002d       0x13 /mnt/ubuntu/chisuhua/github/CoreRunner/build/riscv/bin/../lib/gcc/riscv32-unknown-elf/14.2.0/../../../../riscv32-unknown-elf/lib/libc.a(libc_a-memchr.o)
 .comment       0x0000002d       0x13 /mnt/ubuntu/chisuhua/github/CoreRunner/build/riscv/bin/../lib/gcc/riscv32-unknown-elf/14.2.0/../../../../riscv32-unknown-elf/lib/libc.a(libc_a-sbrkr.o)
 .comment       0x0000002d       0x13 /mnt/ubuntu/chisuhua/github/CoreRunner/build/riscv/bin/../lib/gcc/riscv32-unknown-elf/14.2.0/../../../../riscv32-unknown-elf/lib/libc.a(libc_a-memmove-stub.o)
 .comment       0x0000002d       0x13 /mnt/ubuntu/chisuhua/github/CoreRunner/build/riscv/bin/../lib/gcc/riscv32-unknown-elf/14.2.0/../../../../riscv32-unknown-elf/lib/libc.a(libc_a-reallocr.o)
 .comment       0x0000002d       0x13 /mnt/ubuntu/chisuhua/github/CoreRunner/build/riscv/bin/../lib/gcc/riscv32-unknown-elf/14.2.0/../../../../riscv32-unknown-elf/lib/libc.a(libc_a-makebuf.o)
 .comment       0x0000002d       0x13 /mnt/ubuntu/chisuhua/github/CoreRunner/build/riscv/bin/../lib/gcc/riscv32-unknown-elf/14.2.0/../../../../riscv32-unknown-elf/lib/libc.a(libc_a-fstatr.o)
 .comment       0x0000002d       0x13 /mnt/ubuntu/chisuhua/github/CoreRunner/build/riscv/bin/../lib/gcc/riscv32-unknown-elf/14.2.0/../../../../riscv32-unknown-elf/lib/libc.a(libc_a-isattyr.o)
 .comment       0x0000002d       0x13 /mnt/ubuntu/chisuhua/github/CoreRunner/build/riscv/bin/../lib/gcc/riscv32-unknown-elf/14.2.0/../../../../riscv32-unknown-elf/lib/libgloss.a(riscv_libgloss_a-sys_close.o)
 .comment       0x0000002d       0x13 /mnt/ubuntu/chisuhua/github/CoreRunner/build/riscv/bin/../lib/gcc/riscv32-unknown-elf/14.2.0/../../../../riscv32-unknown-elf/lib/libgloss.a(riscv_libgloss_a-sys_fstat.o)
 .comment       0x0000002d       0x13 /mnt/ubuntu/chisuhua/github/CoreRunner/build/riscv/bin/../lib/gcc/riscv32-unknown-elf/14.2.0/../../../../riscv32-unknown-elf/lib/libgloss.a(riscv_libgloss_a-sys_isatty.o)
 .comment       0x0000002d       0x13 /mnt/ubuntu/chisuhua/github/CoreRunner/build/riscv/bin/../lib/gcc/riscv32-unknown-elf/14.2.0/../../../../riscv32-unknown-elf/lib/libgloss.a(riscv_libgloss_a-sys_lseek.o)
 .comment       0x0000002d       0x13 /mnt/ubuntu/chisuhua/github/CoreRunner/build/riscv/bin/../lib/gcc/riscv32-unknown-elf/14.2.0/../../../../riscv32-unknown-elf/lib/libgloss.a(riscv_libgloss_a-sys_read.o)
 .comment       0x0000002d       0x13 /mnt/ubuntu/chisuhua/github/CoreRunner/build/riscv/bin/../lib/gcc/riscv32-unknown-elf/14.2.0/../../../../riscv32-unknown-elf/lib/libgloss.a(riscv_libgloss_a-sys_sbrk.o)
 .comment       0x0000002d       0x13 /mnt/ubuntu/chisuhua/github/CoreRunner/build/riscv/bin/../lib/gcc/riscv32-unknown-elf/14.2.0/../../../../riscv32-unknown-elf/lib/libgloss.a(riscv_libgloss_a-sys_write.o)
 .comment       0x0000002d       0x13 /mnt/ubuntu/chisuhua/github/CoreRunner/build/riscv/bin/../lib/gcc/riscv32-unknown-elf/14.2.0/../../../../riscv32-unknown-elf/lib/libgloss.a(riscv_libgloss_a-sys_conv_stat.o)
 .comment       0x0000002d       0x13 /mnt/ubuntu/chisuhua/github/CoreRunner/build/riscv/bin/../lib/gcc/riscv32-unknown-elf/14.2.0/../../../../riscv32-unknown-elf/lib/libc.a(libc_a-errno.o)

.note.GNU-stack
                0x00000000        0x0
 .note.GNU-stack
                0x00000000        0x0 /mnt/ubuntu/chisuhua/github/CoreRunner/build/riscv/../quarks/main.o
 .note.GNU-stack
                0x00000000        0x0 /mnt/ubuntu/chisuhua/github/CoreRunner/build/riscv/../quarks//mnt/ubuntu/chisuhua/github/CoreRunner/QuarkTS//src/os/qclock.o
 .note.GNU-stack
                0x00000000        0x0 /mnt/ubuntu/chisuhua/github/CoreRunner/build/riscv/../quarks//mnt/ubuntu/chisuhua/github/CoreRunner/QuarkTS//src/os/qcritical.o
 .note.GNU-stack
                0x00000000        0x0 /mnt/ubuntu/chisuhua/github/CoreRunner/build/riscv/../quarks//mnt/ubuntu/chisuhua/github/CoreRunner/QuarkTS//src/os/qfsm.o
 .note.GNU-stack
                0x00000000        0x0 /mnt/ubuntu/chisuhua/github/CoreRunner/build/riscv/../quarks//mnt/ubuntu/chisuhua/github/CoreRunner/QuarkTS//src/os/qkernel.o
 .note.GNU-stack
                0x00000000        0x0 /mnt/ubuntu/chisuhua/github/CoreRunner/build/riscv/../quarks//mnt/ubuntu/chisuhua/github/CoreRunner/QuarkTS//src/os/qlists.o
 .note.GNU-stack
                0x00000000        0x0 /mnt/ubuntu/chisuhua/github/CoreRunner/build/riscv/../quarks//mnt/ubuntu/chisuhua/github/CoreRunner/QuarkTS//src/os/qqueues.o
 .note.GNU-stack
                0x00000000        0x0 /mnt/ubuntu/chisuhua/github/CoreRunner/build/riscv/../quarks//mnt/ubuntu/chisuhua/github/CoreRunner/QuarkTS//src/os/qstimers.o
 .note.GNU-stack
                0x00000000        0x0 /mnt/ubuntu/chisuhua/github/CoreRunner/build/riscv/../quarks//mnt/ubuntu/chisuhua/github/CoreRunner/QuarkTS//src/os/qtasks.o
 .note.GNU-stack
                0x00000000        0x0 /mnt/ubuntu/chisuhua/github/CoreRunner/build/riscv/bin/../lib/gcc/riscv32-unknown-elf/14.2.0/libgcc.a(addsf3.o)
 .note.GNU-stack
                0x00000000        0x0 /mnt/ubuntu/chisuhua/github/CoreRunner/build/riscv/bin/../lib/gcc/riscv32-unknown-elf/14.2.0/libgcc.a(divsf3.o)
 .note.GNU-stack
                0x00000000        0x0 /mnt/ubuntu/chisuhua/github/CoreRunner/build/riscv/bin/../lib/gcc/riscv32-unknown-elf/14.2.0/libgcc.a(gesf2.o)
 .note.GNU-stack
                0x00000000        0x0 /mnt/ubuntu/chisuhua/github/CoreRunner/build/riscv/bin/../lib/gcc/riscv32-unknown-elf/14.2.0/libgcc.a(fixunssfsi.o)
 .note.GNU-stack
                0x00000000        0x0 /mnt/ubuntu/chisuhua/github/CoreRunner/build/riscv/bin/../lib/gcc/riscv32-unknown-elf/14.2.0/libgcc.a(_clzsi2.o)
 .note.GNU-stack
                0x00000000        0x0 /mnt/ubuntu/chisuhua/github/CoreRunner/build/riscv/bin/../lib/gcc/riscv32-unknown-elf/14.2.0/libgcc.a(_clz.o)
 .note.GNU-stack
                0x00000000        0x0 /mnt/ubuntu/chisuhua/github/CoreRunner/build/riscv/bin/../lib/gcc/riscv32-unknown-elf/14.2.0/../../../../riscv32-unknown-elf/lib/libc.a(libc_a-findfp.o)
 .note.GNU-stack
                0x00000000        0x0 /mnt/ubuntu/chisuhua/github/CoreRunner/build/riscv/bin/../lib/gcc/riscv32-unknown-elf/14.2.0/../../../../riscv32-unknown-elf/lib/libc.a(libc_a-fwalk.o)
 .note.GNU-stack
                0x00000000        0x0 /mnt/ubuntu/chisuhua/github/CoreRunner/build/riscv/bin/../lib/gcc/riscv32-unknown-elf/14.2.0/../../../../riscv32-unknown-elf/lib/libc.a(libc_a-puts.o)
 .note.GNU-stack
                0x00000000        0x0 /mnt/ubuntu/chisuhua/github/CoreRunner/build/riscv/bin/../lib/gcc/riscv32-unknown-elf/14.2.0/../../../../riscv32-unknown-elf/lib/libc.a(libc_a-stdio.o)
 .note.GNU-stack
                0x00000000        0x0 /mnt/ubuntu/chisuhua/github/CoreRunner/build/riscv/bin/../lib/gcc/riscv32-unknown-elf/14.2.0/../../../../riscv32-unknown-elf/lib/libc.a(libc_a-closer.o)
 .note.GNU-stack
                0x00000000        0x0 /mnt/ubuntu/chisuhua/github/CoreRunner/build/riscv/bin/../lib/gcc/riscv32-unknown-elf/14.2.0/../../../../riscv32-unknown-elf/lib/libc.a(libc_a-reent.o)
 .note.GNU-stack
                0x00000000        0x0 /mnt/ubuntu/chisuhua/github/CoreRunner/build/riscv/bin/../lib/gcc/riscv32-unknown-elf/14.2.0/../../../../riscv32-unknown-elf/lib/libc.a(libc_a-impure.o)
 .note.GNU-stack
                0x00000000        0x0 /mnt/ubuntu/chisuhua/github/CoreRunner/build/riscv/bin/../lib/gcc/riscv32-unknown-elf/14.2.0/../../../../riscv32-unknown-elf/lib/libc.a(libc_a-lseekr.o)
 .note.GNU-stack
                0x00000000        0x0 /mnt/ubuntu/chisuhua/github/CoreRunner/build/riscv/bin/../lib/gcc/riscv32-unknown-elf/14.2.0/../../../../riscv32-unknown-elf/lib/libc.a(libc_a-readr.o)
 .note.GNU-stack
                0x00000000        0x0 /mnt/ubuntu/chisuhua/github/CoreRunner/build/riscv/bin/../lib/gcc/riscv32-unknown-elf/14.2.0/../../../../riscv32-unknown-elf/lib/libc.a(libc_a-writer.o)
 .note.GNU-stack
                0x00000000        0x0 /mnt/ubuntu/chisuhua/github/CoreRunner/build/riscv/bin/../lib/gcc/riscv32-unknown-elf/14.2.0/../../../../riscv32-unknown-elf/lib/libc.a(libc_a-memcpy.o)
 .note.GNU-stack
                0x00000000        0x0 /mnt/ubuntu/chisuhua/github/CoreRunner/build/riscv/bin/../lib/gcc/riscv32-unknown-elf/14.2.0/../../../../riscv32-unknown-elf/lib/libc.a(libc_a-strlen.o)
 .note.GNU-stack
                0x00000000        0x0 /mnt/ubuntu/chisuhua/github/CoreRunner/build/riscv/bin/../lib/gcc/riscv32-unknown-elf/14.2.0/../../../../riscv32-unknown-elf/lib/libc.a(libc_a-freer.o)
 .note.GNU-stack
                0x00000000        0x0 /mnt/ubuntu/chisuhua/github/CoreRunner/build/riscv/bin/../lib/gcc/riscv32-unknown-elf/14.2.0/../../../../riscv32-unknown-elf/lib/libc.a(libc_a-mallocr.o)
 .note.GNU-stack
                0x00000000        0x0 /mnt/ubuntu/chisuhua/github/CoreRunner/build/riscv/bin/../lib/gcc/riscv32-unknown-elf/14.2.0/../../../../riscv32-unknown-elf/lib/libc.a(libc_a-mlock.o)
 .note.GNU-stack
                0x00000000        0x0 /mnt/ubuntu/chisuhua/github/CoreRunner/build/riscv/bin/../lib/gcc/riscv32-unknown-elf/14.2.0/../../../../riscv32-unknown-elf/lib/libc.a(libc_a-fclose.o)
 .note.GNU-stack
                0x00000000        0x0 /mnt/ubuntu/chisuhua/github/CoreRunner/build/riscv/bin/../lib/gcc/riscv32-unknown-elf/14.2.0/../../../../riscv32-unknown-elf/lib/libc.a(libc_a-fflush.o)
 .note.GNU-stack
                0x00000000        0x0 /mnt/ubuntu/chisuhua/github/CoreRunner/build/riscv/bin/../lib/gcc/riscv32-unknown-elf/14.2.0/../../../../riscv32-unknown-elf/lib/libc.a(libc_a-fvwrite.o)
 .note.GNU-stack
                0x00000000        0x0 /mnt/ubuntu/chisuhua/github/CoreRunner/build/riscv/bin/../lib/gcc/riscv32-unknown-elf/14.2.0/../../../../riscv32-unknown-elf/lib/libc.a(libc_a-wsetup.o)
 .note.GNU-stack
                0x00000000        0x0 /mnt/ubuntu/chisuhua/github/CoreRunner/build/riscv/bin/../lib/gcc/riscv32-unknown-elf/14.2.0/../../../../riscv32-unknown-elf/lib/libc.a(libc_a-memchr.o)
 .note.GNU-stack
                0x00000000        0x0 /mnt/ubuntu/chisuhua/github/CoreRunner/build/riscv/bin/../lib/gcc/riscv32-unknown-elf/14.2.0/../../../../riscv32-unknown-elf/lib/libc.a(libc_a-sbrkr.o)
 .note.GNU-stack
                0x00000000        0x0 /mnt/ubuntu/chisuhua/github/CoreRunner/build/riscv/bin/../lib/gcc/riscv32-unknown-elf/14.2.0/../../../../riscv32-unknown-elf/lib/libc.a(libc_a-memmove-stub.o)
 .note.GNU-stack
                0x00000000        0x0 /mnt/ubuntu/chisuhua/github/CoreRunner/build/riscv/bin/../lib/gcc/riscv32-unknown-elf/14.2.0/../../../../riscv32-unknown-elf/lib/libc.a(libc_a-reallocr.o)
 .note.GNU-stack
                0x00000000        0x0 /mnt/ubuntu/chisuhua/github/CoreRunner/build/riscv/bin/../lib/gcc/riscv32-unknown-elf/14.2.0/../../../../riscv32-unknown-elf/lib/libc.a(libc_a-makebuf.o)
 .note.GNU-stack
                0x00000000        0x0 /mnt/ubuntu/chisuhua/github/CoreRunner/build/riscv/bin/../lib/gcc/riscv32-unknown-elf/14.2.0/../../../../riscv32-unknown-elf/lib/libc.a(libc_a-fstatr.o)
 .note.GNU-stack
                0x00000000        0x0 /mnt/ubuntu/chisuhua/github/CoreRunner/build/riscv/bin/../lib/gcc/riscv32-unknown-elf/14.2.0/../../../../riscv32-unknown-elf/lib/libc.a(libc_a-isattyr.o)
 .note.GNU-stack
                0x00000000        0x0 /mnt/ubuntu/chisuhua/github/CoreRunner/build/riscv/bin/../lib/gcc/riscv32-unknown-elf/14.2.0/../../../../riscv32-unknown-elf/lib/libgloss.a(riscv_libgloss_a-sys_close.o)
 .note.GNU-stack
                0x00000000        0x0 /mnt/ubuntu/chisuhua/github/CoreRunner/build/riscv/bin/../lib/gcc/riscv32-unknown-elf/14.2.0/../../../../riscv32-unknown-elf/lib/libgloss.a(riscv_libgloss_a-sys_fstat.o)
 .note.GNU-stack
                0x00000000        0x0 /mnt/ubuntu/chisuhua/github/CoreRunner/build/riscv/bin/../lib/gcc/riscv32-unknown-elf/14.2.0/../../../../riscv32-unknown-elf/lib/libgloss.a(riscv_libgloss_a-sys_isatty.o)
 .note.GNU-stack
                0x00000000        0x0 /mnt/ubuntu/chisuhua/github/CoreRunner/build/riscv/bin/../lib/gcc/riscv32-unknown-elf/14.2.0/../../../../riscv32-unknown-elf/lib/libgloss.a(riscv_libgloss_a-sys_lseek.o)
 .note.GNU-stack
                0x00000000        0x0 /mnt/ubuntu/chisuhua/github/CoreRunner/build/riscv/bin/../lib/gcc/riscv32-unknown-elf/14.2.0/../../../../riscv32-unknown-elf/lib/libgloss.a(riscv_libgloss_a-sys_read.o)
 .note.GNU-stack
                0x00000000        0x0 /mnt/ubuntu/chisuhua/github/CoreRunner/build/riscv/bin/../lib/gcc/riscv32-unknown-elf/14.2.0/../../../../riscv32-unknown-elf/lib/libgloss.a(riscv_libgloss_a-sys_sbrk.o)
 .note.GNU-stack
                0x00000000        0x0 /mnt/ubuntu/chisuhua/github/CoreRunner/build/riscv/bin/../lib/gcc/riscv32-unknown-elf/14.2.0/../../../../riscv32-unknown-elf/lib/libgloss.a(riscv_libgloss_a-sys_write.o)
 .note.GNU-stack
                0x00000000        0x0 /mnt/ubuntu/chisuhua/github/CoreRunner/build/riscv/bin/../lib/gcc/riscv32-unknown-elf/14.2.0/../../../../riscv32-unknown-elf/lib/libgloss.a(riscv_libgloss_a-sys_conv_stat.o)
 .note.GNU-stack
                0x00000000        0x0 /mnt/ubuntu/chisuhua/github/CoreRunner/build/riscv/bin/../lib/gcc/riscv32-unknown-elf/14.2.0/../../../../riscv32-unknown-elf/lib/libc.a(libc_a-errno.o)

.riscv.attributes
                0x00000000       0x6a
 .riscv.attributes
                0x00000000       0x2f /mnt/ubuntu/chisuhua/github/CoreRunner/build/riscv/../quarks/main.o
 .riscv.attributes
                0x0000002f       0x2f /mnt/ubuntu/chisuhua/github/CoreRunner/build/riscv/../quarks//mnt/ubuntu/chisuhua/github/CoreRunner/QuarkTS//src/os/qclock.o
 .riscv.attributes
                0x0000005e       0x2f /mnt/ubuntu/chisuhua/github/CoreRunner/build/riscv/../quarks//mnt/ubuntu/chisuhua/github/CoreRunner/QuarkTS//src/os/qcritical.o
 .riscv.attributes
                0x0000008d       0x2f /mnt/ubuntu/chisuhua/github/CoreRunner/build/riscv/../quarks//mnt/ubuntu/chisuhua/github/CoreRunner/QuarkTS//src/os/qfsm.o
 .riscv.attributes
                0x000000bc       0x2f /mnt/ubuntu/chisuhua/github/CoreRunner/build/riscv/../quarks//mnt/ubuntu/chisuhua/github/CoreRunner/QuarkTS//src/os/qkernel.o
 .riscv.attributes
                0x000000eb       0x2f /mnt/ubuntu/chisuhua/github/CoreRunner/build/riscv/../quarks//mnt/ubuntu/chisuhua/github/CoreRunner/QuarkTS//src/os/qlists.o
 .riscv.attributes
                0x0000011a       0x2f /mnt/ubuntu/chisuhua/github/CoreRunner/build/riscv/../quarks//mnt/ubuntu/chisuhua/github/CoreRunner/QuarkTS//src/os/qqueues.o
 .riscv.attributes
                0x00000149       0x2f /mnt/ubuntu/chisuhua/github/CoreRunner/build/riscv/../quarks//mnt/ubuntu/chisuhua/github/CoreRunner/QuarkTS//src/os/qstimers.o
 .riscv.attributes
                0x00000178       0x2f /mnt/ubuntu/chisuhua/github/CoreRunner/build/riscv/../quarks//mnt/ubuntu/chisuhua/github/CoreRunner/QuarkTS//src/os/qtasks.o
 .riscv.attributes
                0x000001a7       0x6a /mnt/ubuntu/chisuhua/github/CoreRunner/build/riscv/bin/../lib/gcc/riscv32-unknown-elf/14.2.0/libgcc.a(addsf3.o)
 .riscv.attributes
                0x00000211       0x6a /mnt/ubuntu/chisuhua/github/CoreRunner/build/riscv/bin/../lib/gcc/riscv32-unknown-elf/14.2.0/libgcc.a(divsf3.o)
 .riscv.attributes
                0x0000027b       0x6a /mnt/ubuntu/chisuhua/github/CoreRunner/build/riscv/bin/../lib/gcc/riscv32-unknown-elf/14.2.0/libgcc.a(gesf2.o)
 .riscv.attributes
                0x000002e5       0x6a /mnt/ubuntu/chisuhua/github/CoreRunner/build/riscv/bin/../lib/gcc/riscv32-unknown-elf/14.2.0/libgcc.a(fixunssfsi.o)
 .riscv.attributes
                0x0000034f       0x66 /mnt/ubuntu/chisuhua/github/CoreRunner/build/riscv/bin/../lib/gcc/riscv32-unknown-elf/14.2.0/libgcc.a(_clzsi2.o)
 .riscv.attributes
                0x000003b5       0x66 /mnt/ubuntu/chisuhua/github/CoreRunner/build/riscv/bin/../lib/gcc/riscv32-unknown-elf/14.2.0/libgcc.a(_clz.o)
 .riscv.attributes
                0x0000041b       0x66 /mnt/ubuntu/chisuhua/github/CoreRunner/build/riscv/bin/../lib/gcc/riscv32-unknown-elf/14.2.0/../../../../riscv32-unknown-elf/lib/libc.a(libc_a-findfp.o)
 .riscv.attributes
                0x00000481       0x66 /mnt/ubuntu/chisuhua/github/CoreRunner/build/riscv/bin/../lib/gcc/riscv32-unknown-elf/14.2.0/../../../../riscv32-unknown-elf/lib/libc.a(libc_a-fwalk.o)
 .riscv.attributes
                0x000004e7       0x66 /mnt/ubuntu/chisuhua/github/CoreRunner/build/riscv/bin/../lib/gcc/riscv32-unknown-elf/14.2.0/../../../../riscv32-unknown-elf/lib/libc.a(libc_a-puts.o)
 .riscv.attributes
                0x0000054d       0x66 /mnt/ubuntu/chisuhua/github/CoreRunner/build/riscv/bin/../lib/gcc/riscv32-unknown-elf/14.2.0/../../../../riscv32-unknown-elf/lib/libc.a(libc_a-stdio.o)
 .riscv.attributes
                0x000005b3       0x66 /mnt/ubuntu/chisuhua/github/CoreRunner/build/riscv/bin/../lib/gcc/riscv32-unknown-elf/14.2.0/../../../../riscv32-unknown-elf/lib/libc.a(libc_a-closer.o)
 .riscv.attributes
                0x00000619       0x66 /mnt/ubuntu/chisuhua/github/CoreRunner/build/riscv/bin/../lib/gcc/riscv32-unknown-elf/14.2.0/../../../../riscv32-unknown-elf/lib/libc.a(libc_a-reent.o)
 .riscv.attributes
                0x0000067f       0x66 /mnt/ubuntu/chisuhua/github/CoreRunner/build/riscv/bin/../lib/gcc/riscv32-unknown-elf/14.2.0/../../../../riscv32-unknown-elf/lib/libc.a(libc_a-impure.o)
 .riscv.attributes
                0x000006e5       0x66 /mnt/ubuntu/chisuhua/github/CoreRunner/build/riscv/bin/../lib/gcc/riscv32-unknown-elf/14.2.0/../../../../riscv32-unknown-elf/lib/libc.a(libc_a-lseekr.o)
 .riscv.attributes
                0x0000074b       0x66 /mnt/ubuntu/chisuhua/github/CoreRunner/build/riscv/bin/../lib/gcc/riscv32-unknown-elf/14.2.0/../../../../riscv32-unknown-elf/lib/libc.a(libc_a-readr.o)
 .riscv.attributes
                0x000007b1       0x66 /mnt/ubuntu/chisuhua/github/CoreRunner/build/riscv/bin/../lib/gcc/riscv32-unknown-elf/14.2.0/../../../../riscv32-unknown-elf/lib/libc.a(libc_a-writer.o)
 .riscv.attributes
                0x00000817       0x64 /mnt/ubuntu/chisuhua/github/CoreRunner/build/riscv/bin/../lib/gcc/riscv32-unknown-elf/14.2.0/../../../../riscv32-unknown-elf/lib/libc.a(libc_a-memset.o)
 .riscv.attributes
                0x0000087b       0x66 /mnt/ubuntu/chisuhua/github/CoreRunner/build/riscv/bin/../lib/gcc/riscv32-unknown-elf/14.2.0/../../../../riscv32-unknown-elf/lib/libc.a(libc_a-memcpy.o)
 .riscv.attributes
                0x000008e1       0x66 /mnt/ubuntu/chisuhua/github/CoreRunner/build/riscv/bin/../lib/gcc/riscv32-unknown-elf/14.2.0/../../../../riscv32-unknown-elf/lib/libc.a(libc_a-strlen.o)
 .riscv.attributes
                0x00000947       0x66 /mnt/ubuntu/chisuhua/github/CoreRunner/build/riscv/bin/../lib/gcc/riscv32-unknown-elf/14.2.0/../../../../riscv32-unknown-elf/lib/libc.a(libc_a-freer.o)
 .riscv.attributes
                0x000009ad       0x66 /mnt/ubuntu/chisuhua/github/CoreRunner/build/riscv/bin/../lib/gcc/riscv32-unknown-elf/14.2.0/../../../../riscv32-unknown-elf/lib/libc.a(libc_a-mallocr.o)
 .riscv.attributes
                0x00000a13       0x66 /mnt/ubuntu/chisuhua/github/CoreRunner/build/riscv/bin/../lib/gcc/riscv32-unknown-elf/14.2.0/../../../../riscv32-unknown-elf/lib/libc.a(libc_a-mlock.o)
 .riscv.attributes
                0x00000a79       0x66 /mnt/ubuntu/chisuhua/github/CoreRunner/build/riscv/bin/../lib/gcc/riscv32-unknown-elf/14.2.0/../../../../riscv32-unknown-elf/lib/libc.a(libc_a-fclose.o)
 .riscv.attributes
                0x00000adf       0x66 /mnt/ubuntu/chisuhua/github/CoreRunner/build/riscv/bin/../lib/gcc/riscv32-unknown-elf/14.2.0/../../../../riscv32-unknown-elf/lib/libc.a(libc_a-fflush.o)
 .riscv.attributes
                0x00000b45       0x66 /mnt/ubuntu/chisuhua/github/CoreRunner/build/riscv/bin/../lib/gcc/riscv32-unknown-elf/14.2.0/../../../../riscv32-unknown-elf/lib/libc.a(libc_a-fvwrite.o)
 .riscv.attributes
                0x00000bab       0x66 /mnt/ubuntu/chisuhua/github/CoreRunner/build/riscv/bin/../lib/gcc/riscv32-unknown-elf/14.2.0/../../../../riscv32-unknown-elf/lib/libc.a(libc_a-wsetup.o)
 .riscv.attributes
                0x00000c11       0x66 /mnt/ubuntu/chisuhua/github/CoreRunner/build/riscv/bin/../lib/gcc/riscv32-unknown-elf/14.2.0/../../../../riscv32-unknown-elf/lib/libc.a(libc_a-memchr.o)
 .riscv.attributes
                0x00000c77       0x66 /mnt/ubuntu/chisuhua/github/CoreRunner/build/riscv/bin/../lib/gcc/riscv32-unknown-elf/14.2.0/../../../../riscv32-unknown-elf/lib/libc.a(libc_a-sbrkr.o)
 .riscv.attributes
                0x00000cdd       0x66 /mnt/ubuntu/chisuhua/github/CoreRunner/build/riscv/bin/../lib/gcc/riscv32-unknown-elf/14.2.0/../../../../riscv32-unknown-elf/lib/libc.a(libc_a-memmove-stub.o)
 .riscv.attributes
                0x00000d43       0x66 /mnt/ubuntu/chisuhua/github/CoreRunner/build/riscv/bin/../lib/gcc/riscv32-unknown-elf/14.2.0/../../../../riscv32-unknown-elf/lib/libc.a(libc_a-reallocr.o)
 .riscv.attributes
                0x00000da9       0x66 /mnt/ubuntu/chisuhua/github/CoreRunner/build/riscv/bin/../lib/gcc/riscv32-unknown-elf/14.2.0/../../../../riscv32-unknown-elf/lib/libc.a(libc_a-makebuf.o)
 .riscv.attributes
                0x00000e0f       0x66 /mnt/ubuntu/chisuhua/github/CoreRunner/build/riscv/bin/../lib/gcc/riscv32-unknown-elf/14.2.0/../../../../riscv32-unknown-elf/lib/libc.a(libc_a-fstatr.o)
 .riscv.attributes
                0x00000e75       0x66 /mnt/ubuntu/chisuhua/github/CoreRunner/build/riscv/bin/../lib/gcc/riscv32-unknown-elf/14.2.0/../../../../riscv32-unknown-elf/lib/libc.a(libc_a-isattyr.o)
 .riscv.attributes
                0x00000edb       0x66 /mnt/ubuntu/chisuhua/github/CoreRunner/build/riscv/bin/../lib/gcc/riscv32-unknown-elf/14.2.0/../../../../riscv32-unknown-elf/lib/libgloss.a(riscv_libgloss_a-sys_close.o)
 .riscv.attributes
                0x00000f41       0x66 /mnt/ubuntu/chisuhua/github/CoreRunner/build/riscv/bin/../lib/gcc/riscv32-unknown-elf/14.2.0/../../../../riscv32-unknown-elf/lib/libgloss.a(riscv_libgloss_a-sys_fstat.o)
 .riscv.attributes
                0x00000fa7       0x66 /mnt/ubuntu/chisuhua/github/CoreRunner/build/riscv/bin/../lib/gcc/riscv32-unknown-elf/14.2.0/../../../../riscv32-unknown-elf/lib/libgloss.a(riscv_libgloss_a-sys_isatty.o)
 .riscv.attributes
                0x0000100d       0x66 /mnt/ubuntu/chisuhua/github/CoreRunner/build/riscv/bin/../lib/gcc/riscv32-unknown-elf/14.2.0/../../../../riscv32-unknown-elf/lib/libgloss.a(riscv_libgloss_a-sys_lseek.o)
 .riscv.attributes
                0x00001073       0x66 /mnt/ubuntu/chisuhua/github/CoreRunner/build/riscv/bin/../lib/gcc/riscv32-unknown-elf/14.2.0/../../../../riscv32-unknown-elf/lib/libgloss.a(riscv_libgloss_a-sys_read.o)
 .riscv.attributes
                0x000010d9       0x66 /mnt/ubuntu/chisuhua/github/CoreRunner/build/riscv/bin/../lib/gcc/riscv32-unknown-elf/14.2.0/../../../../riscv32-unknown-elf/lib/libgloss.a(riscv_libgloss_a-sys_sbrk.o)
 .riscv.attributes
                0x0000113f       0x66 /mnt/ubuntu/chisuhua/github/CoreRunner/build/riscv/bin/../lib/gcc/riscv32-unknown-elf/14.2.0/../../../../riscv32-unknown-elf/lib/libgloss.a(riscv_libgloss_a-sys_write.o)
 .riscv.attributes
                0x000011a5       0x66 /mnt/ubuntu/chisuhua/github/CoreRunner/build/riscv/bin/../lib/gcc/riscv32-unknown-elf/14.2.0/../../../../riscv32-unknown-elf/lib/libgloss.a(riscv_libgloss_a-sys_conv_stat.o)
 .riscv.attributes
                0x0000120b       0x66 /mnt/ubuntu/chisuhua/github/CoreRunner/build/riscv/bin/../lib/gcc/riscv32-unknown-elf/14.2.0/../../../../riscv32-unknown-elf/lib/libc.a(libc_a-errno.o)

.debug_frame    0x00000000     0x1a68
 .debug_frame   0x00000000       0xd8 /mnt/ubuntu/chisuhua/github/CoreRunner/build/riscv/../quarks/main.o
 .debug_frame   0x000000d8      0x128 /mnt/ubuntu/chisuhua/github/CoreRunner/build/riscv/../quarks//mnt/ubuntu/chisuhua/github/CoreRunner/QuarkTS//src/os/qclock.o
 .debug_frame   0x00000200       0x88 /mnt/ubuntu/chisuhua/github/CoreRunner/build/riscv/../quarks//mnt/ubuntu/chisuhua/github/CoreRunner/QuarkTS//src/os/qcritical.o
 .debug_frame   0x00000288      0x568 /mnt/ubuntu/chisuhua/github/CoreRunner/build/riscv/../quarks//mnt/ubuntu/chisuhua/github/CoreRunner/QuarkTS//src/os/qfsm.o
 .debug_frame   0x000007f0      0x58c /mnt/ubuntu/chisuhua/github/CoreRunner/build/riscv/../quarks//mnt/ubuntu/chisuhua/github/CoreRunner/QuarkTS//src/os/qkernel.o
 .debug_frame   0x00000d7c      0x510 /mnt/ubuntu/chisuhua/github/CoreRunner/build/riscv/../quarks//mnt/ubuntu/chisuhua/github/CoreRunner/QuarkTS//src/os/qlists.o
 .debug_frame   0x0000128c      0x240 /mnt/ubuntu/chisuhua/github/CoreRunner/build/riscv/../quarks//mnt/ubuntu/chisuhua/github/CoreRunner/QuarkTS//src/os/qqueues.o